<?xml version="1.0" encoding="ISO-8859-1" ?>
<link_info>
   <banner>TI ARM Linker PC v20.2.7.LTS</banner>
   <copyright>Copyright (c) 1996-2018 Texas Instruments Incorporated</copyright>
   <link_time>0x6573b0b5</link_time>
   <link_errors>0x0</link_errors>
   <output_file>gpiointerrupt_CC3220S_LAUNCHXL_nortos_ccs.out</output_file>
   <entry_point>
      <name>resetISR</name>
      <address>0x2000e1f5</address>
   </entry_point>
   <input_file_list>
      <input_file id="fl-2">
         <path>.\</path>
         <kind>object</kind>
         <file>gpiointerrupt.obj</file>
         <name>gpiointerrupt.obj</name>
      </input_file>
      <input_file id="fl-3">
         <path>.\syscfg\</path>
         <kind>object</kind>
         <file>ti_drivers_config.obj</file>
         <name>ti_drivers_config.obj</name>
      </input_file>
      <input_file id="fl-4">
         <path>.\</path>
         <kind>object</kind>
         <file>main_nortos.obj</file>
         <name>main_nortos.obj</name>
      </input_file>
      <input_file id="fl-d">
         <kind>object</kind>
         <file>&lt;internal&gt;</file>
         <name>&lt;internal&gt;</name>
      </input_file>
      <input_file id="fl-e">
         <path>C:\ti\simplelink_cc32xx_sdk_4_30_00_06\source\ti\drivers\lib\ccs\m4\</path>
         <kind>archive</kind>
         <file>drivers_cc32xx.a</file>
         <name>GPIOCC32XX.oem4</name>
      </input_file>
      <input_file id="fl-f">
         <path>C:\ti\simplelink_cc32xx_sdk_4_30_00_06\source\ti\drivers\lib\ccs\m4\</path>
         <kind>archive</kind>
         <file>drivers_cc32xx.a</file>
         <name>PowerCC32XX.oem4</name>
      </input_file>
      <input_file id="fl-10">
         <path>C:\ti\simplelink_cc32xx_sdk_4_30_00_06\source\ti\drivers\lib\ccs\m4\</path>
         <kind>archive</kind>
         <file>drivers_cc32xx.a</file>
         <name>PowerCC32XX_asm.oem4</name>
      </input_file>
      <input_file id="fl-11">
         <path>C:\ti\simplelink_cc32xx_sdk_4_30_00_06\source\ti\drivers\lib\ccs\m4\</path>
         <kind>archive</kind>
         <file>drivers_cc32xx.a</file>
         <name>TimerCC32XX.oem4</name>
      </input_file>
      <input_file id="fl-12">
         <path>C:\ti\simplelink_cc32xx_sdk_4_30_00_06\source\ti\drivers\lib\ccs\m4\</path>
         <kind>archive</kind>
         <file>drivers_cc32xx.a</file>
         <name>UARTCC32XX.oem4</name>
      </input_file>
      <input_file id="fl-13">
         <path>C:\ti\simplelink_cc32xx_sdk_4_30_00_06\source\ti\drivers\lib\ccs\m4\</path>
         <kind>archive</kind>
         <file>drivers_cc32xx.a</file>
         <name>List.oem4</name>
      </input_file>
      <input_file id="fl-14">
         <path>C:\ti\simplelink_cc32xx_sdk_4_30_00_06\source\ti\drivers\lib\ccs\m4\</path>
         <kind>archive</kind>
         <file>drivers_cc32xx.a</file>
         <name>RingBuf.oem4</name>
      </input_file>
      <input_file id="fl-15">
         <path>C:\ti\simplelink_cc32xx_sdk_4_30_00_06\kernel\nortos\lib\ccs\m4\</path>
         <kind>archive</kind>
         <file>nortos_cc32xx.a</file>
         <name>NoRTOS.oem4</name>
      </input_file>
      <input_file id="fl-16">
         <path>C:\ti\simplelink_cc32xx_sdk_4_30_00_06\kernel\nortos\lib\ccs\m4\</path>
         <kind>archive</kind>
         <file>nortos_cc32xx.a</file>
         <name>SemaphoreP_nortos.oem4</name>
      </input_file>
      <input_file id="fl-17">
         <path>C:\ti\simplelink_cc32xx_sdk_4_30_00_06\kernel\nortos\lib\ccs\m4\</path>
         <kind>archive</kind>
         <file>nortos_cc32xx.a</file>
         <name>ClockPSysTick_nortos.oem4</name>
      </input_file>
      <input_file id="fl-18">
         <path>C:\ti\simplelink_cc32xx_sdk_4_30_00_06\kernel\nortos\lib\ccs\m4\</path>
         <kind>archive</kind>
         <file>nortos_cc32xx.a</file>
         <name>HwiPCC32XX_nortos.oem4</name>
      </input_file>
      <input_file id="fl-19">
         <path>C:\ti\simplelink_cc32xx_sdk_4_30_00_06\kernel\nortos\lib\ccs\m4\</path>
         <kind>archive</kind>
         <file>nortos_cc32xx.a</file>
         <name>PowerCC32XX_nortos.oem4</name>
      </input_file>
      <input_file id="fl-1a">
         <path>C:\ti\simplelink_cc32xx_sdk_4_30_00_06\kernel\nortos\lib\ccs\m4\</path>
         <kind>archive</kind>
         <file>nortos_cc32xx.a</file>
         <name>startup_cc32xx_ccs.oem4</name>
      </input_file>
      <input_file id="fl-1b">
         <path>C:\ti\simplelink_cc32xx_sdk_4_30_00_06\kernel\nortos\lib\ccs\m4\</path>
         <kind>archive</kind>
         <file>nortos_cc32xx.a</file>
         <name>SwiP_nortos.oem4</name>
      </input_file>
      <input_file id="fl-1c">
         <path>C:\ti\simplelink_cc32xx_sdk_4_30_00_06\kernel\nortos\lib\ccs\m4\</path>
         <kind>archive</kind>
         <file>nortos_cc32xx.a</file>
         <name>QueueP_nortos.oem4</name>
      </input_file>
      <input_file id="fl-1d">
         <path>C:\ti\simplelink_cc32xx_sdk_4_30_00_06\source\ti\devices\cc32xx\driverlib\ccs\Release\</path>
         <kind>archive</kind>
         <file>driverlib.a</file>
         <name>cpu.obj</name>
      </input_file>
      <input_file id="fl-1e">
         <path>C:\ti\simplelink_cc32xx_sdk_4_30_00_06\source\ti\devices\cc32xx\driverlib\ccs\Release\</path>
         <kind>archive</kind>
         <file>driverlib.a</file>
         <name>interrupt.obj</name>
      </input_file>
      <input_file id="fl-1f">
         <path>C:\ti\simplelink_cc32xx_sdk_4_30_00_06\source\ti\devices\cc32xx\driverlib\ccs\Release\</path>
         <kind>archive</kind>
         <file>driverlib.a</file>
         <name>pin.obj</name>
      </input_file>
      <input_file id="fl-20">
         <path>C:\ti\simplelink_cc32xx_sdk_4_30_00_06\source\ti\devices\cc32xx\driverlib\ccs\Release\</path>
         <kind>archive</kind>
         <file>driverlib.a</file>
         <name>prcm.obj</name>
      </input_file>
      <input_file id="fl-21">
         <path>C:\ti\simplelink_cc32xx_sdk_4_30_00_06\source\ti\devices\cc32xx\driverlib\ccs\Release\</path>
         <kind>archive</kind>
         <file>driverlib.a</file>
         <name>timer.obj</name>
      </input_file>
      <input_file id="fl-22">
         <path>C:\ti\simplelink_cc32xx_sdk_4_30_00_06\source\ti\devices\cc32xx\driverlib\ccs\Release\</path>
         <kind>archive</kind>
         <file>driverlib.a</file>
         <name>uart.obj</name>
      </input_file>
      <input_file id="fl-23">
         <path>C:\ti\simplelink_cc32xx_sdk_4_30_00_06\source\ti\devices\cc32xx\driverlib\ccs\Release\</path>
         <kind>archive</kind>
         <file>driverlib.a</file>
         <name>utils.obj</name>
      </input_file>
      <input_file id="fl-24">
         <path>C:\ti\simplelink_cc32xx_sdk_4_30_00_06\source\ti\devices\cc32xx\driverlib\ccs\Release\</path>
         <kind>archive</kind>
         <file>driverlib.a</file>
         <name>flash.obj</name>
      </input_file>
      <input_file id="fl-da">
         <path>C:\ti\ccs1250\ccs\tools\compiler\ti-cgt-arm_20.2.7.LTS\lib\</path>
         <kind>archive</kind>
         <file>rtsv7M4_T_le_eabi.lib</file>
         <name>ll_mul_t2.asm.obj</name>
      </input_file>
      <input_file id="fl-db">
         <path>C:\ti\ccs1250\ccs\tools\compiler\ti-cgt-arm_20.2.7.LTS\lib\</path>
         <kind>archive</kind>
         <file>rtsv7M4_T_le_eabi.lib</file>
         <name>memcpy_t2.asm.obj</name>
      </input_file>
      <input_file id="fl-dc">
         <path>C:\ti\ccs1250\ccs\tools\compiler\ti-cgt-arm_20.2.7.LTS\lib\</path>
         <kind>archive</kind>
         <file>rtsv7M4_T_le_eabi.lib</file>
         <name>ull_div_t2.asm.obj</name>
      </input_file>
      <input_file id="fl-dd">
         <path>C:\ti\ccs1250\ccs\tools\compiler\ti-cgt-arm_20.2.7.LTS\lib\</path>
         <kind>archive</kind>
         <file>rtsv7M4_T_le_eabi.lib</file>
         <name>copy_zero_init.c.obj</name>
      </input_file>
      <input_file id="fl-de">
         <path>C:\ti\ccs1250\ccs\tools\compiler\ti-cgt-arm_20.2.7.LTS\lib\</path>
         <kind>archive</kind>
         <file>rtsv7M4_T_le_eabi.lib</file>
         <name>copy_decompress_none.c.obj</name>
      </input_file>
      <input_file id="fl-df">
         <path>C:\ti\ccs1250\ccs\tools\compiler\ti-cgt-arm_20.2.7.LTS\lib\</path>
         <kind>archive</kind>
         <file>rtsv7M4_T_le_eabi.lib</file>
         <name>copy_decompress_lzss.c.obj</name>
      </input_file>
      <input_file id="fl-e0">
         <path>C:\ti\ccs1250\ccs\tools\compiler\ti-cgt-arm_20.2.7.LTS\lib\</path>
         <kind>archive</kind>
         <file>rtsv7M4_T_le_eabi.lib</file>
         <name>memory.c.obj</name>
      </input_file>
      <input_file id="fl-e1">
         <path>C:\ti\ccs1250\ccs\tools\compiler\ti-cgt-arm_20.2.7.LTS\lib\</path>
         <kind>archive</kind>
         <file>rtsv7M4_T_le_eabi.lib</file>
         <name>boot_cortex_m.c.obj</name>
      </input_file>
      <input_file id="fl-e2">
         <path>C:\ti\ccs1250\ccs\tools\compiler\ti-cgt-arm_20.2.7.LTS\lib\</path>
         <kind>archive</kind>
         <file>rtsv7M4_T_le_eabi.lib</file>
         <name>div0.asm.obj</name>
      </input_file>
      <input_file id="fl-e3">
         <path>C:\ti\ccs1250\ccs\tools\compiler\ti-cgt-arm_20.2.7.LTS\lib\</path>
         <kind>archive</kind>
         <file>rtsv7M4_T_le_eabi.lib</file>
         <name>memset_t2.asm.obj</name>
      </input_file>
      <input_file id="fl-e4">
         <path>C:\ti\ccs1250\ccs\tools\compiler\ti-cgt-arm_20.2.7.LTS\lib\</path>
         <kind>archive</kind>
         <file>rtsv7M4_T_le_eabi.lib</file>
         <name>autoinit.c.obj</name>
      </input_file>
      <input_file id="fl-e5">
         <path>C:\ti\ccs1250\ccs\tools\compiler\ti-cgt-arm_20.2.7.LTS\lib\</path>
         <kind>archive</kind>
         <file>rtsv7M4_T_le_eabi.lib</file>
         <name>pre_init.c.obj</name>
      </input_file>
      <input_file id="fl-e6">
         <path>C:\ti\ccs1250\ccs\tools\compiler\ti-cgt-arm_20.2.7.LTS\lib\</path>
         <kind>archive</kind>
         <file>rtsv7M4_T_le_eabi.lib</file>
         <name>cpy_tbl.c.obj</name>
      </input_file>
      <input_file id="fl-e7">
         <path>C:\ti\ccs1250\ccs\tools\compiler\ti-cgt-arm_20.2.7.LTS\lib\</path>
         <kind>archive</kind>
         <file>rtsv7M4_T_le_eabi.lib</file>
         <name>exit.c.obj</name>
      </input_file>
      <input_file id="fl-e8">
         <path>C:\ti\ccs1250\ccs\tools\compiler\ti-cgt-arm_20.2.7.LTS\lib\</path>
         <kind>archive</kind>
         <file>rtsv7M4_T_le_eabi.lib</file>
         <name>_lock.c.obj</name>
      </input_file>
      <input_file id="fl-e9">
         <path>C:\ti\ccs1250\ccs\tools\compiler\ti-cgt-arm_20.2.7.LTS\lib\</path>
         <kind>archive</kind>
         <file>rtsv7M4_T_le_eabi.lib</file>
         <name>args_main.c.obj</name>
      </input_file>
   </input_file_list>
   <object_component_list>
      <object_component id="oc-1bd">
         <name>.text:PRCMCC3200MCUInit</name>
         <load_address>0x2000c040</load_address>
         <run_address>0x2000c040</run_address>
         <size>0x42c</size>
         <input_file_ref idref="fl-20"/>
      </object_component>
      <object_component id="oc-1d7">
         <name>.text:GPIO_setConfig</name>
         <load_address>0x2000c46c</load_address>
         <run_address>0x2000c46c</run_address>
         <size>0x1e4</size>
         <input_file_ref idref="fl-e"/>
      </object_component>
      <object_component id="oc-351">
         <name>.text:PowerCC32XX_sleepPolicy</name>
         <load_address>0x2000c650</load_address>
         <run_address>0x2000c650</run_address>
         <size>0x19c</size>
         <input_file_ref idref="fl-19"/>
      </object_component>
      <object_component id="oc-4d7">
         <name>.text:parkPins</name>
         <load_address>0x2000c7ec</load_address>
         <run_address>0x2000c7ec</run_address>
         <size>0x148</size>
         <input_file_ref idref="fl-f"/>
      </object_component>
      <object_component id="oc-440">
         <name>.text:Power_sleep</name>
         <load_address>0x2000c934</load_address>
         <run_address>0x2000c934</run_address>
         <size>0x138</size>
         <input_file_ref idref="fl-f"/>
      </object_component>
      <object_component id="oc-49f">
         <name>.text:aligned_alloc</name>
         <load_address>0x2000ca6c</load_address>
         <run_address>0x2000ca6c</run_address>
         <size>0x100</size>
         <input_file_ref idref="fl-e0"/>
      </object_component>
      <object_component id="oc-36d">
         <name>.text:free</name>
         <load_address>0x2000cb6c</load_address>
         <run_address>0x2000cb6c</run_address>
         <size>0xe4</size>
         <input_file_ref idref="fl-e0"/>
      </object_component>
      <object_component id="oc-1d1">
         <name>.text:GPIO_init</name>
         <load_address>0x2000cc50</load_address>
         <run_address>0x2000cc50</run_address>
         <size>0xc4</size>
         <input_file_ref idref="fl-e"/>
      </object_component>
      <object_component id="oc-4f4">
         <name>.text:restoreParkedPins</name>
         <load_address>0x2000cd14</load_address>
         <run_address>0x2000cd14</run_address>
         <size>0xc0</size>
         <input_file_ref idref="fl-f"/>
      </object_component>
      <object_component id="oc-b5">
         <name>.text:IntEnable</name>
         <load_address>0x2000cdd4</load_address>
         <run_address>0x2000cdd4</run_address>
         <size>0xa8</size>
         <input_file_ref idref="fl-1e"/>
      </object_component>
      <object_component id="oc-282">
         <name>.text:PowerCC32XX_configureWakeup</name>
         <load_address>0x2000ce7c</load_address>
         <run_address>0x2000ce7c</run_address>
         <size>0xa8</size>
         <input_file_ref idref="fl-f"/>
      </object_component>
      <object_component id="oc-2a8">
         <name>.text:SemaphoreP_pend</name>
         <load_address>0x2000cf24</load_address>
         <run_address>0x2000cf24</run_address>
         <size>0xa0</size>
         <input_file_ref idref="fl-16"/>
      </object_component>
      <object_component id="oc-3b">
         <name>.text</name>
         <load_address>0x2000cfc4</load_address>
         <run_address>0x2000cfc4</run_address>
         <size>0x9c</size>
         <input_file_ref idref="fl-db"/>
      </object_component>
      <object_component id="oc-2c4">
         <name>.text:powerNotifyFxn</name>
         <load_address>0x2000d060</load_address>
         <run_address>0x2000d060</run_address>
         <size>0x98</size>
         <input_file_ref idref="fl-e"/>
      </object_component>
      <object_component id="oc-43b">
         <name>.text</name>
         <load_address>0x2000d0f8</load_address>
         <run_address>0x2000d0f8</run_address>
         <size>0x96</size>
         <input_file_ref idref="fl-dc"/>
      </object_component>
      <object_component id="oc-1c9">
         <name>.text:Board_initHook</name>
         <load_address>0x2000d18e</load_address>
         <run_address>0x2000d18e</run_address>
         <size>0x2</size>
         <input_file_ref idref="fl-3"/>
      </object_component>
      <object_component id="oc-4e8">
         <name>.text:restoreNVICRegs</name>
         <load_address>0x2000d190</load_address>
         <run_address>0x2000d190</run_address>
         <size>0x90</size>
         <input_file_ref idref="fl-f"/>
      </object_component>
      <object_component id="oc-3ce">
         <name>.text:HwiP_construct</name>
         <load_address>0x2000d220</load_address>
         <run_address>0x2000d220</run_address>
         <size>0x8c</size>
         <input_file_ref idref="fl-18"/>
      </object_component>
      <object_component id="oc-57c">
         <name>.text:IntPendSet</name>
         <load_address>0x2000d2ac</load_address>
         <run_address>0x2000d2ac</run_address>
         <size>0x88</size>
         <input_file_ref idref="fl-1e"/>
      </object_component>
      <object_component id="oc-2ce">
         <name>.text:PinConfigSet</name>
         <load_address>0x2000d334</load_address>
         <run_address>0x2000d334</run_address>
         <size>0x88</size>
         <input_file_ref idref="fl-1f"/>
      </object_component>
      <object_component id="oc-1c3">
         <name>.text:Power_init</name>
         <load_address>0x2000d3bc</load_address>
         <run_address>0x2000d3bc</run_address>
         <size>0x84</size>
         <input_file_ref idref="fl-f"/>
      </object_component>
      <object_component id="oc-4dd">
         <name>.text:saveNVICRegs</name>
         <load_address>0x2000d440</load_address>
         <run_address>0x2000d440</run_address>
         <size>0x84</size>
         <input_file_ref idref="fl-f"/>
      </object_component>
      <object_component id="oc-2d4">
         <name>.text:Power_setDependency</name>
         <load_address>0x2000d4c4</load_address>
         <run_address>0x2000d4c4</run_address>
         <size>0x80</size>
         <input_file_ref idref="fl-f"/>
      </object_component>
      <object_component id="oc-2f8">
         <name>.text:GPIO_hwiIntFxn</name>
         <load_address>0x2000d544</load_address>
         <run_address>0x2000d544</run_address>
         <size>0x78</size>
         <input_file_ref idref="fl-e"/>
      </object_component>
      <object_component id="oc-524">
         <name>.text:split</name>
         <load_address>0x2000d5bc</load_address>
         <run_address>0x2000d5bc</run_address>
         <size>0x70</size>
         <input_file_ref idref="fl-e0"/>
      </object_component>
      <object_component id="oc-14">
         <name>.text:decompress:lzss:__TI_decompress_lzss</name>
         <load_address>0x2000d62c</load_address>
         <run_address>0x2000d62c</run_address>
         <size>0x68</size>
         <input_file_ref idref="fl-df"/>
      </object_component>
      <object_component id="oc-309">
         <name>.text:GPIO_toggle</name>
         <load_address>0x2000d694</load_address>
         <run_address>0x2000d694</run_address>
         <size>0x64</size>
         <input_file_ref idref="fl-e"/>
      </object_component>
      <object_component id="oc-3bc">
         <name>.text:PowerCC32XX_setParkState</name>
         <load_address>0x2000d6f8</load_address>
         <run_address>0x2000d6f8</run_address>
         <size>0x64</size>
         <input_file_ref idref="fl-f"/>
      </object_component>
      <object_component id="oc-250">
         <name>.text:PRCMSysResetCauseGet</name>
         <load_address>0x2000d75c</load_address>
         <run_address>0x2000d75c</run_address>
         <size>0x60</size>
         <input_file_ref idref="fl-20"/>
      </object_component>
      <object_component id="oc-1e3">
         <name>.text:GPIO_setCallback</name>
         <load_address>0x2000d7bc</load_address>
         <run_address>0x2000d7bc</run_address>
         <size>0x5c</size>
         <input_file_ref idref="fl-e"/>
      </object_component>
      <object_component id="oc-53c">
         <name>.text:sysTickInit</name>
         <load_address>0x2000d818</load_address>
         <run_address>0x2000d818</run_address>
         <size>0x5c</size>
         <input_file_ref idref="fl-17"/>
      </object_component>
      <object_component id="oc-1dd">
         <name>.text:GPIO_write</name>
         <load_address>0x2000d874</load_address>
         <run_address>0x2000d874</run_address>
         <size>0x58</size>
         <input_file_ref idref="fl-e"/>
      </object_component>
      <object_component id="oc-269">
         <name>.text:PRCMPeripheralReset</name>
         <load_address>0x2000d8cc</load_address>
         <run_address>0x2000d8cc</run_address>
         <size>0x58</size>
         <input_file_ref idref="fl-20"/>
      </object_component>
      <object_component id="oc-15e">
         <name>.text:mainThread</name>
         <load_address>0x2000d924</load_address>
         <run_address>0x2000d924</run_address>
         <size>0x54</size>
         <input_file_ref idref="fl-2"/>
      </object_component>
      <object_component id="oc-559">
         <name>.text:PowerCC32XX_resumeLPDS</name>
         <load_address>0x2000d978</load_address>
         <run_address>0x2000d978</run_address>
         <size>0x52</size>
         <input_file_ref idref="fl-10"/>
      </object_component>
      <object_component id="oc-34b">
         <name>.text:PowerCC32XX_initPolicy</name>
         <load_address>0x2000d9ca</load_address>
         <run_address>0x2000d9ca</run_address>
         <size>0x2</size>
         <input_file_ref idref="fl-19"/>
      </object_component>
      <object_component id="oc-79">
         <name>.text:ClockP_sysTickHandler</name>
         <load_address>0x2000d9cc</load_address>
         <run_address>0x2000d9cc</run_address>
         <size>0x50</size>
         <input_file_ref idref="fl-17"/>
      </object_component>
      <object_component id="oc-461">
         <name>.text:SemaphoreP_construct</name>
         <load_address>0x2000da1c</load_address>
         <run_address>0x2000da1c</run_address>
         <size>0x50</size>
         <input_file_ref idref="fl-16"/>
      </object_component>
      <object_component id="oc-1e9">
         <name>.text:GPIO_enableInt</name>
         <load_address>0x2000da6c</load_address>
         <run_address>0x2000da6c</run_address>
         <size>0x4c</size>
         <input_file_ref idref="fl-e"/>
      </object_component>
      <object_component id="oc-550">
         <name>.text:PowerCC32XX_parkPin</name>
         <load_address>0x2000dab8</load_address>
         <run_address>0x2000dab8</run_address>
         <size>0x4c</size>
         <input_file_ref idref="fl-f"/>
      </object_component>
      <object_component id="oc-4ee">
         <name>.text:restorePeriphClocks</name>
         <load_address>0x2000db04</load_address>
         <run_address>0x2000db04</run_address>
         <size>0x4c</size>
         <input_file_ref idref="fl-f"/>
      </object_component>
      <object_component id="oc-574">
         <name>.text:FlashDisable</name>
         <load_address>0x2000db50</load_address>
         <run_address>0x2000db50</run_address>
         <size>0x48</size>
         <input_file_ref idref="fl-24"/>
      </object_component>
      <object_component id="oc-4fa">
         <name>.text:PRCMLPDSEnter</name>
         <load_address>0x2000db98</load_address>
         <run_address>0x2000db98</run_address>
         <size>0x48</size>
         <input_file_ref idref="fl-20"/>
      </object_component>
      <object_component id="oc-263">
         <name>.text:PRCMPeripheralClkEnable</name>
         <load_address>0x2000dbe0</load_address>
         <run_address>0x2000dbe0</run_address>
         <size>0x48</size>
         <input_file_ref idref="fl-20"/>
      </object_component>
      <object_component id="oc-489">
         <name>.text:ClockP_stop</name>
         <load_address>0x2000dc28</load_address>
         <run_address>0x2000dc28</run_address>
         <size>0x44</size>
         <input_file_ref idref="fl-17"/>
      </object_component>
      <object_component id="oc-55e">
         <name>.text:PRCMLPDSRestoreInfoSet</name>
         <load_address>0x2000dc6c</load_address>
         <run_address>0x2000dc6c</run_address>
         <size>0x44</size>
         <input_file_ref idref="fl-20"/>
      </object_component>
      <object_component id="oc-4e3">
         <name>.text:PowerCC32XX_enterLPDS</name>
         <load_address>0x2000dcb0</load_address>
         <run_address>0x2000dcb0</run_address>
         <size>0x44</size>
         <input_file_ref idref="fl-10"/>
      </object_component>
      <object_component id="oc-2b4">
         <name>.text:SemaphoreP_post</name>
         <load_address>0x2000dcf4</load_address>
         <run_address>0x2000dcf4</run_address>
         <size>0x44</size>
         <input_file_ref idref="fl-16"/>
      </object_component>
      <object_component id="oc-451">
         <name>.text:SwiP_restore</name>
         <load_address>0x2000dd38</load_address>
         <run_address>0x2000dd38</run_address>
         <size>0x44</size>
         <input_file_ref idref="fl-1b"/>
      </object_component>
      <object_component id="oc-171">
         <name>.text:__TI_auto_init_nobinit_nopinit:__TI_auto_init_nobinit_nopinit</name>
         <load_address>0x2000dd7c</load_address>
         <run_address>0x2000dd7c</run_address>
         <size>0x44</size>
         <input_file_ref idref="fl-e4"/>
      </object_component>
      <object_component id="oc-27b">
         <name>.text:PinModeSet</name>
         <load_address>0x2000ddc0</load_address>
         <run_address>0x2000ddc0</run_address>
         <size>0x40</size>
         <input_file_ref idref="fl-1f"/>
      </object_component>
      <object_component id="oc-38c">
         <name>.text:ClockP_destruct</name>
         <load_address>0x2000de00</load_address>
         <run_address>0x2000de00</run_address>
         <size>0x3c</size>
         <input_file_ref idref="fl-17"/>
      </object_component>
      <object_component id="oc-435">
         <name>.text:getCountsRTC</name>
         <load_address>0x2000de3c</load_address>
         <run_address>0x2000de3c</run_address>
         <size>0x3a</size>
         <input_file_ref idref="fl-19"/>
      </object_component>
      <object_component id="oc-313">
         <name>.text:_nop</name>
         <load_address>0x2000de76</load_address>
         <run_address>0x2000de76</run_address>
         <size>0x2</size>
         <input_file_ref idref="fl-e8"/>
      </object_component>
      <object_component id="oc-500">
         <name>.text:PRCMLPDSEnterKeepDebugIf</name>
         <load_address>0x2000de78</load_address>
         <run_address>0x2000de78</run_address>
         <size>0x38</size>
         <input_file_ref idref="fl-20"/>
      </object_component>
      <object_component id="oc-db">
         <name>.text:addToList</name>
         <load_address>0x2000deb0</load_address>
         <run_address>0x2000deb0</run_address>
         <size>0x38</size>
         <input_file_ref idref="fl-17"/>
      </object_component>
      <object_component id="oc-59">
         <name>.text:initVectors</name>
         <load_address>0x2000dee8</load_address>
         <run_address>0x2000dee8</run_address>
         <size>0x38</size>
         <input_file_ref idref="fl-1a"/>
      </object_component>
      <object_component id="oc-4d1">
         <name>.text:notify</name>
         <load_address>0x2000df20</load_address>
         <run_address>0x2000df20</run_address>
         <size>0x38</size>
         <input_file_ref idref="fl-f"/>
      </object_component>
      <object_component id="oc-423">
         <name>.text:ClockP_getTicksUntilInterrupt</name>
         <load_address>0x2000df58</load_address>
         <run_address>0x2000df58</run_address>
         <size>0x34</size>
         <input_file_ref idref="fl-17"/>
      </object_component>
      <object_component id="oc-4c2">
         <name>.text:ClockP_startup</name>
         <load_address>0x2000df8c</load_address>
         <run_address>0x2000df8c</run_address>
         <size>0x34</size>
         <input_file_ref idref="fl-17"/>
      </object_component>
      <object_component id="oc-275">
         <name>.text:PinModeGet</name>
         <load_address>0x2000dfc0</load_address>
         <run_address>0x2000dfc0</run_address>
         <size>0x34</size>
         <input_file_ref idref="fl-1f"/>
      </object_component>
      <object_component id="oc-37a">
         <name>.text:ClockP_start</name>
         <load_address>0x2000dff4</load_address>
         <run_address>0x2000dff4</run_address>
         <size>0x30</size>
         <input_file_ref idref="fl-17"/>
      </object_component>
      <object_component id="oc-56d">
         <name>.text:PowerCC32XX_restoreParkedPin</name>
         <load_address>0x2000e024</load_address>
         <run_address>0x2000e024</run_address>
         <size>0x30</size>
         <input_file_ref idref="fl-f"/>
      </object_component>
      <object_component id="oc-2e0">
         <name>.text:HwiP_create</name>
         <load_address>0x2000e054</load_address>
         <run_address>0x2000e054</run_address>
         <size>0x2a</size>
         <input_file_ref idref="fl-18"/>
      </object_component>
      <object_component id="oc-73">
         <name>.text:busFaultHandler</name>
         <load_address>0x2000e07e</load_address>
         <run_address>0x2000e07e</run_address>
         <size>0x2</size>
         <input_file_ref idref="fl-1a"/>
      </object_component>
      <object_component id="oc-26f">
         <name>.text:PRCMPeripheralClkDisable</name>
         <load_address>0x2000e080</load_address>
         <run_address>0x2000e080</run_address>
         <size>0x28</size>
         <input_file_ref idref="fl-20"/>
      </object_component>
      <object_component id="oc-2ae">
         <name>.text:Power_registerNotify</name>
         <load_address>0x2000e0a8</load_address>
         <run_address>0x2000e0a8</run_address>
         <size>0x28</size>
         <input_file_ref idref="fl-f"/>
      </object_component>
      <object_component id="oc-481">
         <name>.text:free_list_insert</name>
         <load_address>0x2000e0d0</load_address>
         <run_address>0x2000e0d0</run_address>
         <size>0x28</size>
         <input_file_ref idref="fl-e0"/>
      </object_component>
      <object_component id="oc-39c">
         <name>.text:List_put</name>
         <load_address>0x2000e0f8</load_address>
         <run_address>0x2000e0f8</run_address>
         <size>0x26</size>
         <input_file_ref idref="fl-13"/>
      </object_component>
      <object_component id="oc-392">
         <name>.text:clkFxn</name>
         <load_address>0x2000e11e</load_address>
         <run_address>0x2000e11e</run_address>
         <size>0x2</size>
         <input_file_ref idref="fl-16"/>
      </object_component>
      <object_component id="oc-4a9">
         <name>.text:HwiP_dispatch</name>
         <load_address>0x2000e120</load_address>
         <run_address>0x2000e120</run_address>
         <size>0x24</size>
         <input_file_ref idref="fl-18"/>
      </object_component>
      <object_component id="oc-c5">
         <name>.text:_c_int00_noargs:_c_int00_noargs</name>
         <load_address>0x2000e144</load_address>
         <run_address>0x2000e144</run_address>
         <size>0x24</size>
         <input_file_ref idref="fl-e1"/>
      </object_component>
      <object_component id="oc-54a">
         <name>.text:PinToPadGet</name>
         <load_address>0x2000e168</load_address>
         <run_address>0x2000e168</run_address>
         <size>0x1c</size>
         <input_file_ref idref="fl-1f"/>
      </object_component>
      <object_component id="oc-417">
         <name>.text:SwiP_disable</name>
         <load_address>0x2000e184</load_address>
         <run_address>0x2000e184</run_address>
         <size>0x1c</size>
         <input_file_ref idref="fl-1b"/>
      </object_component>
      <object_component id="oc-47">
         <name>.text:decompress:ZI:__TI_zero_init_nomemset:__TI_zero_init_nomemset</name>
         <load_address>0x2000e1a0</load_address>
         <run_address>0x2000e1a0</run_address>
         <size>0x1c</size>
         <input_file_ref idref="fl-dd"/>
      </object_component>
      <object_component id="oc-47b">
         <name>.text:free_list_remove</name>
         <load_address>0x2000e1bc</load_address>
         <run_address>0x2000e1bc</run_address>
         <size>0x1c</size>
         <input_file_ref idref="fl-e0"/>
      </object_component>
      <object_component id="oc-290">
         <name>.text:SemaphoreP_createBinary</name>
         <load_address>0x2000e1d8</load_address>
         <run_address>0x2000e1d8</run_address>
         <size>0x1a</size>
         <input_file_ref idref="fl-16"/>
      </object_component>
      <object_component id="oc-6d">
         <name>.text:defaultHandler</name>
         <load_address>0x2000e1f2</load_address>
         <run_address>0x2000e1f2</run_address>
         <size>0x2</size>
         <input_file_ref idref="fl-1a"/>
      </object_component>
      <object_component id="oc-21">
         <name>.text:resetISR</name>
         <load_address>0x2000e1f4</load_address>
         <run_address>0x2000e1f4</run_address>
         <size>0x1a</size>
         <input_file_ref idref="fl-1a"/>
      </object_component>
      <object_component id="oc-67">
         <name>.text:faultISR</name>
         <load_address>0x2000e20e</load_address>
         <run_address>0x2000e20e</run_address>
         <size>0x2</size>
         <input_file_ref idref="fl-1a"/>
      </object_component>
      <object_component id="oc-429">
         <name>.text:Power_getTransitionLatency</name>
         <load_address>0x2000e210</load_address>
         <run_address>0x2000e210</run_address>
         <size>0x18</size>
         <input_file_ref idref="fl-f"/>
      </object_component>
      <object_component id="oc-513">
         <name>.text:Power_idleFunc</name>
         <load_address>0x2000e228</load_address>
         <run_address>0x2000e228</run_address>
         <size>0x18</size>
         <input_file_ref idref="fl-f"/>
      </object_component>
      <object_component id="oc-446">
         <name>.text</name>
         <load_address>0x2000e240</load_address>
         <run_address>0x2000e240</run_address>
         <size>0x18</size>
         <input_file_ref idref="fl-da"/>
      </object_component>
      <object_component id="oc-25d">
         <name>.text:PRCMHIBRegRead</name>
         <load_address>0x2000e258</load_address>
         <run_address>0x2000e258</run_address>
         <size>0x16</size>
         <input_file_ref idref="fl-20"/>
      </object_component>
      <object_component id="oc-257">
         <name>.text:PRCMHIBRegWrite</name>
         <load_address>0x2000e26e</load_address>
         <run_address>0x2000e26e</run_address>
         <size>0x16</size>
         <input_file_ref idref="fl-20"/>
      </object_component>
      <object_component id="oc-362">
         <name>.text:SemaphoreP_create</name>
         <load_address>0x2000e284</load_address>
         <run_address>0x2000e284</run_address>
         <size>0x16</size>
         <input_file_ref idref="fl-16"/>
      </object_component>
      <object_component id="oc-a3">
         <name>.text:CPUcpsid</name>
         <load_address>0x2000e29a</load_address>
         <run_address>0x2000e29a</run_address>
         <size>0x14</size>
         <input_file_ref idref="fl-1d"/>
      </object_component>
      <object_component id="oc-61">
         <name>.text:nmiISR</name>
         <load_address>0x2000e2ae</load_address>
         <run_address>0x2000e2ae</run_address>
         <size>0x2</size>
         <input_file_ref idref="fl-1a"/>
      </object_component>
      <object_component id="oc-3a3">
         <name>.text:HwiP_inISR</name>
         <load_address>0x2000e2b0</load_address>
         <run_address>0x2000e2b0</run_address>
         <size>0x14</size>
         <input_file_ref idref="fl-18"/>
      </object_component>
      <object_component id="oc-af">
         <name>.text:IntVTableBaseSet</name>
         <load_address>0x2000e2c4</load_address>
         <run_address>0x2000e2c4</run_address>
         <size>0x14</size>
         <input_file_ref idref="fl-1e"/>
      </object_component>
      <object_component id="oc-3a9">
         <name>.text:Power_disablePolicy</name>
         <load_address>0x2000e2d8</load_address>
         <run_address>0x2000e2d8</run_address>
         <size>0x14</size>
         <input_file_ref idref="fl-f"/>
      </object_component>
      <object_component id="oc-566">
         <name>.text:Power_getDependencyCount</name>
         <load_address>0x2000e2ec</load_address>
         <run_address>0x2000e2ec</run_address>
         <size>0x14</size>
         <input_file_ref idref="fl-f"/>
      </object_component>
      <object_component id="oc-2da">
         <name>.text:HwiP_Params_init</name>
         <load_address>0x2000e300</load_address>
         <run_address>0x2000e300</run_address>
         <size>0x12</size>
         <input_file_ref idref="fl-18"/>
      </object_component>
      <object_component id="oc-11a">
         <name>.text:main</name>
         <load_address>0x2000e312</load_address>
         <run_address>0x2000e312</run_address>
         <size>0x12</size>
         <input_file_ref idref="fl-4"/>
      </object_component>
      <object_component id="oc-152">
         <name>.text:Board_init</name>
         <load_address>0x2000e324</load_address>
         <run_address>0x2000e324</run_address>
         <size>0x10</size>
         <input_file_ref idref="fl-3"/>
      </object_component>
      <object_component id="oc-374">
         <name>.text:ClockP_add</name>
         <load_address>0x2000e334</load_address>
         <run_address>0x2000e334</run_address>
         <size>0x10</size>
         <input_file_ref idref="fl-17"/>
      </object_component>
      <object_component id="oc-411">
         <name>.text:ClockP_getCpuFreq</name>
         <load_address>0x2000e344</load_address>
         <run_address>0x2000e344</run_address>
         <size>0x10</size>
         <input_file_ref idref="fl-17"/>
      </object_component>
      <object_component id="oc-42f">
         <name>.text:ClockP_getSystemTicks</name>
         <load_address>0x2000e354</load_address>
         <run_address>0x2000e354</run_address>
         <size>0x10</size>
         <input_file_ref idref="fl-17"/>
      </object_component>
      <object_component id="oc-44b">
         <name>.text:ClockP_setTicks</name>
         <load_address>0x2000e364</load_address>
         <run_address>0x2000e364</run_address>
         <size>0x10</size>
         <input_file_ref idref="fl-17"/>
      </object_component>
      <object_component id="oc-29c">
         <name>.text:HwiP_restore</name>
         <load_address>0x2000e374</load_address>
         <run_address>0x2000e374</run_address>
         <size>0x10</size>
         <input_file_ref idref="fl-18"/>
      </object_component>
      <object_component id="oc-380">
         <name>.text:Power_enablePolicy</name>
         <load_address>0x2000e384</load_address>
         <run_address>0x2000e384</run_address>
         <size>0x10</size>
         <input_file_ref idref="fl-f"/>
      </object_component>
      <object_component id="oc-35c">
         <name>.text:SemaphoreP_Params_init</name>
         <load_address>0x2000e394</load_address>
         <run_address>0x2000e394</run_address>
         <size>0x10</size>
         <input_file_ref idref="fl-16"/>
      </object_component>
      <object_component id="oc-296">
         <name>.text:HwiP_disable</name>
         <load_address>0x2000e3a4</load_address>
         <run_address>0x2000e3a4</run_address>
         <size>0xe</size>
         <input_file_ref idref="fl-18"/>
      </object_component>
      <object_component id="oc-158">
         <name>.text:HwiP_enable</name>
         <load_address>0x2000e3b2</load_address>
         <run_address>0x2000e3b2</run_address>
         <size>0xe</size>
         <input_file_ref idref="fl-18"/>
      </object_component>
      <object_component id="oc-1a">
         <name>.text:decompress:none:__TI_decompress_none</name>
         <load_address>0x2000e3c0</load_address>
         <run_address>0x2000e3c0</run_address>
         <size>0xe</size>
         <input_file_ref idref="fl-de"/>
      </object_component>
      <object_component id="oc-1ef">
         <name>.text:gpioButtonFxn0</name>
         <load_address>0x2000e3ce</load_address>
         <run_address>0x2000e3ce</run_address>
         <size>0xe</size>
         <input_file_ref idref="fl-2"/>
      </object_component>
      <object_component id="oc-41d">
         <name>.text:Power_getConstraintMask</name>
         <load_address>0x2000e3dc</load_address>
         <run_address>0x2000e3dc</run_address>
         <size>0xc</size>
         <input_file_ref idref="fl-f"/>
      </object_component>
      <object_component id="oc-1f5">
         <name>.text:gpioButtonFxn1</name>
         <load_address>0x2000e3e8</load_address>
         <run_address>0x2000e3e8</run_address>
         <size>0xc</size>
         <input_file_ref idref="fl-2"/>
      </object_component>
      <object_component id="oc-386">
         <name>.text:ClockP_isActive</name>
         <load_address>0x2000e3f4</load_address>
         <run_address>0x2000e3f4</run_address>
         <size>0xa</size>
         <input_file_ref idref="fl-17"/>
      </object_component>
      <object_component id="oc-53">
         <name>.text:IntMasterDisable</name>
         <load_address>0x2000e3fe</load_address>
         <run_address>0x2000e3fe</run_address>
         <size>0xa</size>
         <input_file_ref idref="fl-1e"/>
      </object_component>
      <object_component id="oc-3c8">
         <name>.text:malloc</name>
         <load_address>0x2000e408</load_address>
         <run_address>0x2000e408</run_address>
         <size>0x8</size>
         <input_file_ref idref="fl-e0"/>
      </object_component>
      <object_component id="oc-256">
         <name>.text:UtilsDelay</name>
         <load_address>0x2000e410</load_address>
         <run_address>0x2000e410</run_address>
         <size>0x6</size>
         <input_file_ref idref="fl-23"/>
      </object_component>
      <object_component id="oc-509">
         <name>.text:HwiP_post</name>
         <load_address>0x2000e416</load_address>
         <run_address>0x2000e416</run_address>
         <size>0x4</size>
         <input_file_ref idref="fl-18"/>
      </object_component>
      <object_component id="oc-2a2">
         <name>.text:SemaphoreP_delete</name>
         <load_address>0x2000e41a</load_address>
         <run_address>0x2000e41a</run_address>
         <size>0x4</size>
         <input_file_ref idref="fl-16"/>
      </object_component>
      <object_component id="oc-114">
         <name>.text:_system_pre_init</name>
         <load_address>0x2000e41e</load_address>
         <run_address>0x2000e41e</run_address>
         <size>0x4</size>
         <input_file_ref idref="fl-e5"/>
      </object_component>
      <object_component id="oc-165">
         <name>.text:abort:abort</name>
         <load_address>0x2000e422</load_address>
         <run_address>0x2000e422</run_address>
         <size>0x4</size>
         <input_file_ref idref="fl-e7"/>
      </object_component>
      <object_component id="oc-4cb">
         <name>.text</name>
         <load_address>0x2000e426</load_address>
         <run_address>0x2000e426</run_address>
         <size>0x2</size>
         <input_file_ref idref="fl-e2"/>
      </object_component>
      <object_component id="oc-341">
         <name>.const:g_ulPinToPadMap</name>
         <load_address>0x2000e9e4</load_address>
         <run_address>0x2000e9e4</run_address>
         <size>0x100</size>
         <input_file_ref idref="fl-1f"/>
      </object_component>
      <object_component id="oc-33a">
         <name>.const:PRCM_PeriphRegsList</name>
         <load_address>0x2000eae4</load_address>
         <run_address>0x2000eae4</run_address>
         <size>0xa8</size>
         <input_file_ref idref="fl-20"/>
      </object_component>
      <object_component id="oc-28b">
         <name>.const:PowerCC32XX_config</name>
         <load_address>0x2000eb8c</load_address>
         <run_address>0x2000eb8c</run_address>
         <size>0x44</size>
         <input_file_ref idref="fl-3"/>
      </object_component>
      <object_component id="oc-2e6">
         <name>.const:.string:pinTable</name>
         <load_address>0x2000ebd0</load_address>
         <run_address>0x2000ebd0</run_address>
         <size>0x21</size>
         <input_file_ref idref="fl-e"/>
      </object_component>
      <object_component id="oc-10e">
         <name>.const:g_pulEnRegs</name>
         <load_address>0x2000ebf4</load_address>
         <run_address>0x2000ebf4</run_address>
         <size>0x18</size>
         <input_file_ref idref="fl-1e"/>
      </object_component>
      <object_component id="oc-593">
         <name>.const:g_pulPendRegs</name>
         <load_address>0x2000ec0c</load_address>
         <run_address>0x2000ec0c</run_address>
         <size>0x18</size>
         <input_file_ref idref="fl-1e"/>
      </object_component>
      <object_component id="oc-2be">
         <name>.const:GPIOCC32XX_config</name>
         <load_address>0x2000ec24</load_address>
         <run_address>0x2000ec24</run_address>
         <size>0x14</size>
         <input_file_ref idref="fl-3"/>
      </object_component>
      <object_component id="oc-301">
         <name>.const:gpioBaseAddresses</name>
         <load_address>0x2000ec38</load_address>
         <run_address>0x2000ec38</run_address>
         <size>0x14</size>
         <input_file_ref idref="fl-e"/>
      </object_component>
      <object_component id="oc-2e9">
         <name>.const:powerResources</name>
         <load_address>0x2000ec4c</load_address>
         <run_address>0x2000ec4c</run_address>
         <size>0x14</size>
         <input_file_ref idref="fl-e"/>
      </object_component>
      <object_component id="oc-2ef">
         <name>.const:outPinTypes</name>
         <load_address>0x2000ec60</load_address>
         <run_address>0x2000ec60</run_address>
         <size>0x8</size>
         <input_file_ref idref="fl-e"/>
      </object_component>
      <object_component id="oc-2fe">
         <name>.const:.string:interruptType</name>
         <load_address>0x2000ec68</load_address>
         <run_address>0x2000ec68</run_address>
         <size>0x6</size>
         <input_file_ref idref="fl-e"/>
      </object_component>
      <object_component id="oc-2f2">
         <name>.const:inPinTypes</name>
         <load_address>0x2000ec6e</load_address>
         <run_address>0x2000ec6e</run_address>
         <size>0x6</size>
         <input_file_ref idref="fl-e"/>
      </object_component>
      <object_component id="oc-2ec">
         <name>.const:outPinStrengths</name>
         <load_address>0x2000ec74</load_address>
         <run_address>0x2000ec74</run_address>
         <size>0x6</size>
         <input_file_ref idref="fl-e"/>
      </object_component>
      <object_component id="oc-2f5">
         <name>.const:.string:portInterruptIds</name>
         <load_address>0x2000ec7a</load_address>
         <run_address>0x2000ec7a</run_address>
         <size>0x4</size>
         <input_file_ref idref="fl-e"/>
      </object_component>
      <object_component id="oc-5c7">
         <name>.cinit..data.load</name>
         <load_address>0x2000ee08</load_address>
         <run_address>0x2000ee08</run_address>
         <size>0xc7</size>
      </object_component>
      <object_component id="oc-5c5">
         <name>__TI_handler_table</name>
         <load_address>0x2000eed0</load_address>
         <run_address>0x2000eed0</run_address>
         <size>0xc</size>
      </object_component>
      <object_component id="oc-5c8">
         <name>.cinit..bss.load</name>
         <load_address>0x2000eee0</load_address>
         <run_address>0x2000eee0</run_address>
         <size>0x8</size>
      </object_component>
      <object_component id="oc-5c6">
         <name>__TI_cinit_table</name>
         <load_address>0x2000eee8</load_address>
         <run_address>0x2000eee8</run_address>
         <size>0x10</size>
      </object_component>
      <object_component id="oc-3b2">
         <name>.data:gpioPinConfigs</name>
         <load_address>0x2000e9a4</load_address>
         <run_address>0x2000e9a4</run_address>
         <size>0xc</size>
         <input_file_ref idref="fl-3"/>
      </object_component>
      <object_component id="oc-3b5">
         <name>.data:gpioCallbackFunctions</name>
         <load_address>0x2000e998</load_address>
         <run_address>0x2000e998</run_address>
         <size>0xc</size>
         <input_file_ref idref="fl-3"/>
      </object_component>
      <object_component id="oc-357">
         <name>.data:parkInfo</name>
         <load_address>0x2000e8a0</load_address>
         <run_address>0x2000e8a0</run_address>
         <size>0xf8</size>
         <input_file_ref idref="fl-3"/>
      </object_component>
      <object_component id="oc-2bb">
         <name>.data</name>
         <load_address>0x2000e9b0</load_address>
         <run_address>0x2000e9b0</run_address>
         <size>0x9</size>
         <input_file_ref idref="fl-e"/>
      </object_component>
      <object_component id="oc-288">
         <name>.data:PowerCC32XX_module</name>
         <load_address>0x2000e734</load_address>
         <run_address>0x2000e734</run_address>
         <size>0x16c</size>
         <input_file_ref idref="fl-f"/>
      </object_component>
      <object_component id="oc-398">
         <name>.data</name>
         <load_address>0x2000e9b9</load_address>
         <run_address>0x2000e9b9</run_address>
         <size>0x3</size>
         <input_file_ref idref="fl-16"/>
      </object_component>
      <object_component id="oc-45d">
         <name>.data:SemaphoreP_defaultParams</name>
         <load_address>0x2000e9cc</load_address>
         <run_address>0x2000e9cc</run_address>
         <size>0x8</size>
         <input_file_ref idref="fl-16"/>
      </object_component>
      <object_component id="oc-457">
         <name>.data</name>
         <load_address>0x2000e9dc</load_address>
         <run_address>0x2000e9dc</run_address>
         <size>0x5</size>
         <input_file_ref idref="fl-17"/>
      </object_component>
      <object_component id="oc-4a6">
         <name>.data:HwiP_dispatchTable</name>
         <load_address>0x2000e428</load_address>
         <run_address>0x2000e428</run_address>
         <size>0x30c</size>
         <input_file_ref idref="fl-18"/>
      </object_component>
      <object_component id="oc-4af">
         <name>.data</name>
         <load_address>0x2000e9d4</load_address>
         <run_address>0x2000e9d4</run_address>
         <size>0x8</size>
         <input_file_ref idref="fl-18"/>
      </object_component>
      <object_component id="oc-51c">
         <name>.data:$O1$$</name>
         <load_address>0x2000e9c4</load_address>
         <run_address>0x2000e9c4</run_address>
         <size>0x8</size>
         <input_file_ref idref="fl-e0"/>
      </object_component>
      <object_component id="oc-200">
         <name>.data:$O1$$</name>
         <load_address>0x2000e9bc</load_address>
         <run_address>0x2000e9bc</run_address>
         <size>0x8</size>
         <input_file_ref idref="fl-e8"/>
      </object_component>
      <object_component id="oc-2ca">
         <name>.bss:gpioCallbackInfo</name>
         <uninitialized>true</uninitialized>
         <run_address>0x2000edac</run_address>
         <size>0x20</size>
         <input_file_ref idref="fl-e"/>
      </object_component>
      <object_component id="oc-2c1">
         <name>.bss:powerNotifyObj</name>
         <uninitialized>true</uninitialized>
         <run_address>0x2000edcc</run_address>
         <size>0x14</size>
         <input_file_ref idref="fl-e"/>
      </object_component>
      <object_component id="oc-2ba">
         <name>.bss</name>
         <uninitialized>true</uninitialized>
         <run_address>0x2000ee00</run_address>
         <size>0x4</size>
         <input_file_ref idref="fl-e"/>
      </object_component>
      <object_component id="oc-542">
         <name>.bss</name>
         <uninitialized>true</uninitialized>
         <run_address>0x2000ee04</run_address>
         <size>0x4</size>
         <input_file_ref idref="fl-17"/>
      </object_component>
      <object_component id="oc-4b6">
         <name>.bss</name>
         <uninitialized>true</uninitialized>
         <run_address>0x2000edf0</run_address>
         <size>0xd</size>
         <input_file_ref idref="fl-1b"/>
      </object_component>
      <object_component id="oc-557">
         <name>.common:PowerCC32XX_contextSave</name>
         <uninitialized>true</uninitialized>
         <run_address>0x2000ec80</run_address>
         <size>0x12c</size>
      </object_component>
      <object_component id="oc-e1">
         <name>.common:ClockP_ctrl</name>
         <uninitialized>true</uninitialized>
         <run_address>0x2000ede0</run_address>
         <size>0x10</size>
      </object_component>
      <object_component id="oc-2a">
         <name>.sysmem</name>
         <uninitialized>true</uninitialized>
         <run_address>0x20004040</run_address>
         <size>0x10</size>
         <input_file_ref idref="fl-e0"/>
      </object_component>
      <object_component id="oc-5cb">
         <name>.sysmem</name>
         <uninitialized>true</uninitialized>
         <run_address>0x20004040</run_address>
         <size>0x0</size>
      </object_component>
      <object_component id="oc-2d">
         <name>.stack</name>
         <uninitialized>true</uninitialized>
         <run_address>0x20003000</run_address>
         <size>0x4</size>
         <input_file_ref idref="fl-e1"/>
      </object_component>
      <object_component id="oc-5ca">
         <name>.stack</name>
         <uninitialized>true</uninitialized>
         <run_address>0x20003000</run_address>
         <size>0x0</size>
      </object_component>
      <object_component id="oc-27">
         <name>.resetVecs:retain</name>
         <load_address>0x20004000</load_address>
         <run_address>0x20004000</run_address>
         <size>0x40</size>
         <input_file_ref idref="fl-1a"/>
      </object_component>
      <object_component id="oc-bb">
         <name>.ramVecs</name>
         <uninitialized>true</uninitialized>
         <run_address>0x20000000</run_address>
         <size>0x30c</size>
         <input_file_ref idref="fl-1a"/>
      </object_component>
      <object_component id="oc-14d">
         <name>.debug_info</name>
         <load_address>0x0</load_address>
         <run_address>0x0</run_address>
         <size>0x3be</size>
         <input_file_ref idref="fl-2"/>
      </object_component>
      <object_component id="oc-1f0">
         <name>.debug_info</name>
         <load_address>0x3be</load_address>
         <run_address>0x3be</run_address>
         <size>0x176</size>
         <input_file_ref idref="fl-2"/>
      </object_component>
      <object_component id="oc-1f7">
         <name>.debug_info</name>
         <load_address>0x534</load_address>
         <run_address>0x534</run_address>
         <size>0x164</size>
         <input_file_ref idref="fl-2"/>
      </object_component>
      <object_component id="oc-160">
         <name>.debug_info</name>
         <load_address>0x698</load_address>
         <run_address>0x698</run_address>
         <size>0x214</size>
         <input_file_ref idref="fl-2"/>
      </object_component>
      <object_component id="oc-134">
         <name>.debug_info</name>
         <load_address>0x8ac</load_address>
         <run_address>0x8ac</run_address>
         <size>0x100</size>
         <input_file_ref idref="fl-2"/>
      </object_component>
      <object_component id="oc-1a7">
         <name>.debug_info</name>
         <load_address>0x9ac</load_address>
         <run_address>0x9ac</run_address>
         <size>0x3b0</size>
         <input_file_ref idref="fl-2"/>
      </object_component>
      <object_component id="oc-1ac">
         <name>.debug_info</name>
         <load_address>0xd5c</load_address>
         <run_address>0xd5c</run_address>
         <size>0x2a9</size>
         <input_file_ref idref="fl-2"/>
      </object_component>
      <object_component id="oc-24b">
         <name>.debug_info</name>
         <load_address>0x1005</load_address>
         <run_address>0x1005</run_address>
         <size>0xf8</size>
         <input_file_ref idref="fl-2"/>
      </object_component>
      <object_component id="oc-e7">
         <name>.debug_info</name>
         <load_address>0x10fd</load_address>
         <run_address>0x10fd</run_address>
         <size>0x26b</size>
         <input_file_ref idref="fl-2"/>
      </object_component>
      <object_component id="oc-108">
         <name>.debug_info</name>
         <load_address>0x1368</load_address>
         <run_address>0x1368</run_address>
         <size>0x8b</size>
         <input_file_ref idref="fl-2"/>
      </object_component>
      <object_component id="oc-1b6">
         <name>.debug_info</name>
         <load_address>0x13f3</load_address>
         <run_address>0x13f3</run_address>
         <size>0x3b</size>
         <input_file_ref idref="fl-2"/>
      </object_component>
      <object_component id="oc-148">
         <name>.debug_info</name>
         <load_address>0x142e</load_address>
         <run_address>0x142e</run_address>
         <size>0x2a4</size>
         <input_file_ref idref="fl-2"/>
      </object_component>
      <object_component id="oc-1b1">
         <name>.debug_info</name>
         <load_address>0x16d2</load_address>
         <run_address>0x16d2</run_address>
         <size>0xef</size>
         <input_file_ref idref="fl-2"/>
      </object_component>
      <object_component id="oc-12f">
         <name>.debug_info</name>
         <load_address>0x17c1</load_address>
         <run_address>0x17c1</run_address>
         <size>0xbb</size>
         <input_file_ref idref="fl-2"/>
      </object_component>
      <object_component id="oc-246">
         <name>.debug_info</name>
         <load_address>0x187c</load_address>
         <run_address>0x187c</run_address>
         <size>0x53</size>
         <input_file_ref idref="fl-2"/>
      </object_component>
      <object_component id="oc-1a3">
         <name>.debug_info</name>
         <load_address>0x18cf</load_address>
         <run_address>0x18cf</run_address>
         <size>0x718</size>
         <input_file_ref idref="fl-3"/>
      </object_component>
      <object_component id="oc-3b3">
         <name>.debug_info</name>
         <load_address>0x1fe7</load_address>
         <run_address>0x1fe7</run_address>
         <size>0x109</size>
         <input_file_ref idref="fl-3"/>
      </object_component>
      <object_component id="oc-3b6">
         <name>.debug_info</name>
         <load_address>0x20f0</load_address>
         <run_address>0x20f0</run_address>
         <size>0x117</size>
         <input_file_ref idref="fl-3"/>
      </object_component>
      <object_component id="oc-2bf">
         <name>.debug_info</name>
         <load_address>0x2207</load_address>
         <run_address>0x2207</run_address>
         <size>0x10f</size>
         <input_file_ref idref="fl-3"/>
      </object_component>
      <object_component id="oc-28c">
         <name>.debug_info</name>
         <load_address>0x2316</load_address>
         <run_address>0x2316</run_address>
         <size>0x111</size>
         <input_file_ref idref="fl-3"/>
      </object_component>
      <object_component id="oc-358">
         <name>.debug_info</name>
         <load_address>0x2427</load_address>
         <run_address>0x2427</run_address>
         <size>0xfe</size>
         <input_file_ref idref="fl-3"/>
      </object_component>
      <object_component id="oc-1cb">
         <name>.debug_info</name>
         <load_address>0x2525</load_address>
         <run_address>0x2525</run_address>
         <size>0x158</size>
         <input_file_ref idref="fl-3"/>
      </object_component>
      <object_component id="oc-154">
         <name>.debug_info</name>
         <load_address>0x267d</load_address>
         <run_address>0x267d</run_address>
         <size>0x18e</size>
         <input_file_ref idref="fl-3"/>
      </object_component>
      <object_component id="oc-22d">
         <name>.debug_info</name>
         <load_address>0x280b</load_address>
         <run_address>0x280b</run_address>
         <size>0x183</size>
         <input_file_ref idref="fl-3"/>
      </object_component>
      <object_component id="oc-232">
         <name>.debug_info</name>
         <load_address>0x298e</load_address>
         <run_address>0x298e</run_address>
         <size>0x4cf</size>
         <input_file_ref idref="fl-3"/>
      </object_component>
      <object_component id="oc-228">
         <name>.debug_info</name>
         <load_address>0x2e5d</load_address>
         <run_address>0x2e5d</run_address>
         <size>0x878</size>
         <input_file_ref idref="fl-3"/>
      </object_component>
      <object_component id="oc-13e">
         <name>.debug_info</name>
         <load_address>0x36d5</load_address>
         <run_address>0x36d5</run_address>
         <size>0x137</size>
         <input_file_ref idref="fl-3"/>
      </object_component>
      <object_component id="oc-21e">
         <name>.debug_info</name>
         <load_address>0x380c</load_address>
         <run_address>0x380c</run_address>
         <size>0x9a</size>
         <input_file_ref idref="fl-3"/>
      </object_component>
      <object_component id="oc-332">
         <name>.debug_info</name>
         <load_address>0x38a6</load_address>
         <run_address>0x38a6</run_address>
         <size>0xb6</size>
         <input_file_ref idref="fl-3"/>
      </object_component>
      <object_component id="oc-223">
         <name>.debug_info</name>
         <load_address>0x395c</load_address>
         <run_address>0x395c</run_address>
         <size>0x223</size>
         <input_file_ref idref="fl-3"/>
      </object_component>
      <object_component id="oc-23c">
         <name>.debug_info</name>
         <load_address>0x3b7f</load_address>
         <run_address>0x3b7f</run_address>
         <size>0x518</size>
         <input_file_ref idref="fl-3"/>
      </object_component>
      <object_component id="oc-237">
         <name>.debug_info</name>
         <load_address>0x4097</load_address>
         <run_address>0x4097</run_address>
         <size>0xbb</size>
         <input_file_ref idref="fl-3"/>
      </object_component>
      <object_component id="oc-241">
         <name>.debug_info</name>
         <load_address>0x4152</load_address>
         <run_address>0x4152</run_address>
         <size>0xa1</size>
         <input_file_ref idref="fl-3"/>
      </object_component>
      <object_component id="oc-401">
         <name>.debug_info</name>
         <load_address>0x41f3</load_address>
         <run_address>0x41f3</run_address>
         <size>0x62</size>
         <input_file_ref idref="fl-3"/>
      </object_component>
      <object_component id="oc-aa">
         <name>.debug_info</name>
         <load_address>0x4255</load_address>
         <run_address>0x4255</run_address>
         <size>0x2c</size>
         <input_file_ref idref="fl-3"/>
      </object_component>
      <object_component id="oc-11b">
         <name>.debug_info</name>
         <load_address>0x4281</load_address>
         <run_address>0x4281</run_address>
         <size>0x156</size>
         <input_file_ref idref="fl-4"/>
      </object_component>
      <object_component id="oc-36">
         <name>.debug_info</name>
         <load_address>0x43d7</load_address>
         <run_address>0x43d7</run_address>
         <size>0x84</size>
         <input_file_ref idref="fl-4"/>
      </object_component>
      <object_component id="oc-305">
         <name>.debug_info</name>
         <load_address>0x445b</load_address>
         <run_address>0x445b</run_address>
         <size>0x5dd</size>
         <input_file_ref idref="fl-e"/>
      </object_component>
      <object_component id="oc-2ff">
         <name>.debug_info</name>
         <load_address>0x4a38</load_address>
         <run_address>0x4a38</run_address>
         <size>0xe0</size>
         <input_file_ref idref="fl-e"/>
      </object_component>
      <object_component id="oc-2f6">
         <name>.debug_info</name>
         <load_address>0x4b18</load_address>
         <run_address>0x4b18</run_address>
         <size>0xe6</size>
         <input_file_ref idref="fl-e"/>
      </object_component>
      <object_component id="oc-2f3">
         <name>.debug_info</name>
         <load_address>0x4bfe</load_address>
         <run_address>0x4bfe</run_address>
         <size>0xdb</size>
         <input_file_ref idref="fl-e"/>
      </object_component>
      <object_component id="oc-2f0">
         <name>.debug_info</name>
         <load_address>0x4cd9</load_address>
         <run_address>0x4cd9</run_address>
         <size>0xdd</size>
         <input_file_ref idref="fl-e"/>
      </object_component>
      <object_component id="oc-2ed">
         <name>.debug_info</name>
         <load_address>0x4db6</load_address>
         <run_address>0x4db6</run_address>
         <size>0xe5</size>
         <input_file_ref idref="fl-e"/>
      </object_component>
      <object_component id="oc-2e7">
         <name>.debug_info</name>
         <load_address>0x4e9b</load_address>
         <run_address>0x4e9b</run_address>
         <size>0xd6</size>
         <input_file_ref idref="fl-e"/>
      </object_component>
      <object_component id="oc-302">
         <name>.debug_info</name>
         <load_address>0x4f71</load_address>
         <run_address>0x4f71</run_address>
         <size>0xe8</size>
         <input_file_ref idref="fl-e"/>
      </object_component>
      <object_component id="oc-2ea">
         <name>.debug_info</name>
         <load_address>0x5059</load_address>
         <run_address>0x5059</run_address>
         <size>0xe2</size>
         <input_file_ref idref="fl-e"/>
      </object_component>
      <object_component id="oc-2cb">
         <name>.debug_info</name>
         <load_address>0x513b</load_address>
         <run_address>0x513b</run_address>
         <size>0xe6</size>
         <input_file_ref idref="fl-e"/>
      </object_component>
      <object_component id="oc-2bc">
         <name>.debug_info</name>
         <load_address>0x5221</load_address>
         <run_address>0x5221</run_address>
         <size>0x14e</size>
         <input_file_ref idref="fl-e"/>
      </object_component>
      <object_component id="oc-2c2">
         <name>.debug_info</name>
         <load_address>0x536f</load_address>
         <run_address>0x536f</run_address>
         <size>0xe2</size>
         <input_file_ref idref="fl-e"/>
      </object_component>
      <object_component id="oc-2fa">
         <name>.debug_info</name>
         <load_address>0x5451</load_address>
         <run_address>0x5451</run_address>
         <size>0x1ba</size>
         <input_file_ref idref="fl-e"/>
      </object_component>
      <object_component id="oc-1d9">
         <name>.debug_info</name>
         <load_address>0x560b</load_address>
         <run_address>0x560b</run_address>
         <size>0x3e6</size>
         <input_file_ref idref="fl-e"/>
      </object_component>
      <object_component id="oc-1eb">
         <name>.debug_info</name>
         <load_address>0x59f1</load_address>
         <run_address>0x59f1</run_address>
         <size>0x197</size>
         <input_file_ref idref="fl-e"/>
      </object_component>
      <object_component id="oc-2c6">
         <name>.debug_info</name>
         <load_address>0x5b88</load_address>
         <run_address>0x5b88</run_address>
         <size>0x1ec</size>
         <input_file_ref idref="fl-e"/>
      </object_component>
      <object_component id="oc-1df">
         <name>.debug_info</name>
         <load_address>0x5d74</load_address>
         <run_address>0x5d74</run_address>
         <size>0x1ca</size>
         <input_file_ref idref="fl-e"/>
      </object_component>
      <object_component id="oc-30b">
         <name>.debug_info</name>
         <load_address>0x5f3e</load_address>
         <run_address>0x5f3e</run_address>
         <size>0x1ab</size>
         <input_file_ref idref="fl-e"/>
      </object_component>
      <object_component id="oc-1e5">
         <name>.debug_info</name>
         <load_address>0x60e9</load_address>
         <run_address>0x60e9</run_address>
         <size>0x1ac</size>
         <input_file_ref idref="fl-e"/>
      </object_component>
      <object_component id="oc-1d2">
         <name>.debug_info</name>
         <load_address>0x6295</load_address>
         <run_address>0x6295</run_address>
         <size>0x23a</size>
         <input_file_ref idref="fl-e"/>
      </object_component>
      <object_component id="oc-3e8">
         <name>.debug_info</name>
         <load_address>0x64cf</load_address>
         <run_address>0x64cf</run_address>
         <size>0x9d</size>
         <input_file_ref idref="fl-e"/>
      </object_component>
      <object_component id="oc-347">
         <name>.debug_info</name>
         <load_address>0x656c</load_address>
         <run_address>0x656c</run_address>
         <size>0x5a4</size>
         <input_file_ref idref="fl-f"/>
      </object_component>
      <object_component id="oc-289">
         <name>.debug_info</name>
         <load_address>0x6b10</load_address>
         <run_address>0x6b10</run_address>
         <size>0xed</size>
         <input_file_ref idref="fl-f"/>
      </object_component>
      <object_component id="oc-4d4">
         <name>.debug_info</name>
         <load_address>0x6bfd</load_address>
         <run_address>0x6bfd</run_address>
         <size>0x167</size>
         <input_file_ref idref="fl-f"/>
      </object_component>
      <object_component id="oc-553">
         <name>.debug_info</name>
         <load_address>0x6d64</load_address>
         <run_address>0x6d64</run_address>
         <size>0x255</size>
         <input_file_ref idref="fl-f"/>
      </object_component>
      <object_component id="oc-4da">
         <name>.debug_info</name>
         <load_address>0x6fb9</load_address>
         <run_address>0x6fb9</run_address>
         <size>0x191</size>
         <input_file_ref idref="fl-f"/>
      </object_component>
      <object_component id="oc-4e0">
         <name>.debug_info</name>
         <load_address>0x714a</load_address>
         <run_address>0x714a</run_address>
         <size>0x121</size>
         <input_file_ref idref="fl-f"/>
      </object_component>
      <object_component id="oc-4eb">
         <name>.debug_info</name>
         <load_address>0x726b</load_address>
         <run_address>0x726b</run_address>
         <size>0x127</size>
         <input_file_ref idref="fl-f"/>
      </object_component>
      <object_component id="oc-569">
         <name>.debug_info</name>
         <load_address>0x7392</load_address>
         <run_address>0x7392</run_address>
         <size>0x18a</size>
         <input_file_ref idref="fl-f"/>
      </object_component>
      <object_component id="oc-4f1">
         <name>.debug_info</name>
         <load_address>0x751c</load_address>
         <run_address>0x751c</run_address>
         <size>0x167</size>
         <input_file_ref idref="fl-f"/>
      </object_component>
      <object_component id="oc-570">
         <name>.debug_info</name>
         <load_address>0x7683</load_address>
         <run_address>0x7683</run_address>
         <size>0x1f8</size>
         <input_file_ref idref="fl-f"/>
      </object_component>
      <object_component id="oc-4f7">
         <name>.debug_info</name>
         <load_address>0x787b</load_address>
         <run_address>0x787b</run_address>
         <size>0x171</size>
         <input_file_ref idref="fl-f"/>
      </object_component>
      <object_component id="oc-443">
         <name>.debug_info</name>
         <load_address>0x79ec</load_address>
         <run_address>0x79ec</run_address>
         <size>0x2d6</size>
         <input_file_ref idref="fl-f"/>
      </object_component>
      <object_component id="oc-420">
         <name>.debug_info</name>
         <load_address>0x7cc2</load_address>
         <run_address>0x7cc2</run_address>
         <size>0x139</size>
         <input_file_ref idref="fl-f"/>
      </object_component>
      <object_component id="oc-2d7">
         <name>.debug_info</name>
         <load_address>0x7dfb</load_address>
         <run_address>0x7dfb</run_address>
         <size>0x1d9</size>
         <input_file_ref idref="fl-f"/>
      </object_component>
      <object_component id="oc-2b1">
         <name>.debug_info</name>
         <load_address>0x7fd4</load_address>
         <run_address>0x7fd4</run_address>
         <size>0x240</size>
         <input_file_ref idref="fl-f"/>
      </object_component>
      <object_component id="oc-285">
         <name>.debug_info</name>
         <load_address>0x8214</load_address>
         <run_address>0x8214</run_address>
         <size>0x18d</size>
         <input_file_ref idref="fl-f"/>
      </object_component>
      <object_component id="oc-1c6">
         <name>.debug_info</name>
         <load_address>0x83a1</load_address>
         <run_address>0x83a1</run_address>
         <size>0x14b</size>
         <input_file_ref idref="fl-f"/>
      </object_component>
      <object_component id="oc-516">
         <name>.debug_info</name>
         <load_address>0x84ec</load_address>
         <run_address>0x84ec</run_address>
         <size>0x12a</size>
         <input_file_ref idref="fl-f"/>
      </object_component>
      <object_component id="oc-42c">
         <name>.debug_info</name>
         <load_address>0x8616</load_address>
         <run_address>0x8616</run_address>
         <size>0x195</size>
         <input_file_ref idref="fl-f"/>
      </object_component>
      <object_component id="oc-383">
         <name>.debug_info</name>
         <load_address>0x87ab</load_address>
         <run_address>0x87ab</run_address>
         <size>0x12b</size>
         <input_file_ref idref="fl-f"/>
      </object_component>
      <object_component id="oc-3ac">
         <name>.debug_info</name>
         <load_address>0x88d6</load_address>
         <run_address>0x88d6</run_address>
         <size>0x152</size>
         <input_file_ref idref="fl-f"/>
      </object_component>
      <object_component id="oc-3bf">
         <name>.debug_info</name>
         <load_address>0x8a28</load_address>
         <run_address>0x8a28</run_address>
         <size>0x197</size>
         <input_file_ref idref="fl-f"/>
      </object_component>
      <object_component id="oc-40b">
         <name>.debug_info</name>
         <load_address>0x8bbf</load_address>
         <run_address>0x8bbf</run_address>
         <size>0x2c</size>
         <input_file_ref idref="fl-f"/>
      </object_component>
      <object_component id="oc-4e6">
         <name>.debug_info</name>
         <load_address>0x8beb</load_address>
         <run_address>0x8beb</run_address>
         <size>0x11f</size>
         <input_file_ref idref="fl-10"/>
      </object_component>
      <object_component id="oc-55a">
         <name>.debug_info</name>
         <load_address>0x8d0a</load_address>
         <run_address>0x8d0a</run_address>
         <size>0x103</size>
         <input_file_ref idref="fl-10"/>
      </object_component>
      <object_component id="oc-497">
         <name>.debug_info</name>
         <load_address>0x8e0d</load_address>
         <run_address>0x8e0d</run_address>
         <size>0x1e8</size>
         <input_file_ref idref="fl-13"/>
      </object_component>
      <object_component id="oc-39d">
         <name>.debug_info</name>
         <load_address>0x8ff5</load_address>
         <run_address>0x8ff5</run_address>
         <size>0x16c</size>
         <input_file_ref idref="fl-13"/>
      </object_component>
      <object_component id="oc-369">
         <name>.debug_info</name>
         <load_address>0x9161</load_address>
         <run_address>0x9161</run_address>
         <size>0x459</size>
         <input_file_ref idref="fl-16"/>
      </object_component>
      <object_component id="oc-399">
         <name>.debug_info</name>
         <load_address>0x95ba</load_address>
         <run_address>0x95ba</run_address>
         <size>0x17f</size>
         <input_file_ref idref="fl-16"/>
      </object_component>
      <object_component id="oc-45e">
         <name>.debug_info</name>
         <load_address>0x9739</load_address>
         <run_address>0x9739</run_address>
         <size>0x12c</size>
         <input_file_ref idref="fl-16"/>
      </object_component>
      <object_component id="oc-394">
         <name>.debug_info</name>
         <load_address>0x9865</load_address>
         <run_address>0x9865</run_address>
         <size>0x15d</size>
         <input_file_ref idref="fl-16"/>
      </object_component>
      <object_component id="oc-2b7">
         <name>.debug_info</name>
         <load_address>0x99c2</load_address>
         <run_address>0x99c2</run_address>
         <size>0x1ed</size>
         <input_file_ref idref="fl-16"/>
      </object_component>
      <object_component id="oc-2aa">
         <name>.debug_info</name>
         <load_address>0x9baf</load_address>
         <run_address>0x9baf</run_address>
         <size>0x2c5</size>
         <input_file_ref idref="fl-16"/>
      </object_component>
      <object_component id="oc-2a4">
         <name>.debug_info</name>
         <load_address>0x9e74</load_address>
         <run_address>0x9e74</run_address>
         <size>0x17f</size>
         <input_file_ref idref="fl-16"/>
      </object_component>
      <object_component id="oc-35e">
         <name>.debug_info</name>
         <load_address>0x9ff3</load_address>
         <run_address>0x9ff3</run_address>
         <size>0x183</size>
         <input_file_ref idref="fl-16"/>
      </object_component>
      <object_component id="oc-462">
         <name>.debug_info</name>
         <load_address>0xa176</load_address>
         <run_address>0xa176</run_address>
         <size>0x237</size>
         <input_file_ref idref="fl-16"/>
      </object_component>
      <object_component id="oc-363">
         <name>.debug_info</name>
         <load_address>0xa3ad</load_address>
         <run_address>0xa3ad</run_address>
         <size>0x1e0</size>
         <input_file_ref idref="fl-16"/>
      </object_component>
      <object_component id="oc-291">
         <name>.debug_info</name>
         <load_address>0xa58d</load_address>
         <run_address>0xa58d</run_address>
         <size>0x1e5</size>
         <input_file_ref idref="fl-16"/>
      </object_component>
      <object_component id="oc-46f">
[...]
         <value>0x2000d695</value>
         <object_component_ref idref="oc-309"/>
      </symbol>
      <symbol id="sm-1ed">
         <name>outPinStrengths</name>
         <value>0x2000ec74</value>
         <object_component_ref idref="oc-2ec"/>
      </symbol>
      <symbol id="sm-1ee">
         <name>GPIO_enableInt</name>
         <value>0x2000da6d</value>
         <object_component_ref idref="oc-1e9"/>
      </symbol>
      <symbol id="sm-1ef">
         <name>inPinTypes</name>
         <value>0x2000ec6e</value>
         <object_component_ref idref="oc-2f2"/>
      </symbol>
      <symbol id="sm-1f0">
         <name>outPinTypes</name>
         <value>0x2000ec60</value>
         <object_component_ref idref="oc-2ef"/>
      </symbol>
      <symbol id="sm-1f1">
         <name>GPIO_write</name>
         <value>0x2000d875</value>
         <object_component_ref idref="oc-1dd"/>
      </symbol>
      <symbol id="sm-1f2">
         <name>GPIO_setCallback</name>
         <value>0x2000d7bd</value>
         <object_component_ref idref="oc-1e3"/>
      </symbol>
      <symbol id="sm-1f3">
         <name>GPIO_hwiIntFxn</name>
         <value>0x2000d545</value>
         <object_component_ref idref="oc-2f8"/>
      </symbol>
      <symbol id="sm-32b">
         <name>PowerCC32XX_contextSave</name>
         <value>0x2000ec80</value>
      </symbol>
      <symbol id="sm-32c">
         <name>PowerCC32XX_configureWakeup</name>
         <value>0x2000ce7d</value>
         <object_component_ref idref="oc-282"/>
      </symbol>
      <symbol id="sm-32d">
         <name>Power_registerNotify</name>
         <value>0x2000e0a9</value>
         <object_component_ref idref="oc-2ae"/>
      </symbol>
      <symbol id="sm-32e">
         <name>PowerCC32XX_restoreParkedPin</name>
         <value>0x2000e025</value>
         <object_component_ref idref="oc-56d"/>
      </symbol>
      <symbol id="sm-32f">
         <name>Power_sleep</name>
         <value>0x2000c935</value>
         <object_component_ref idref="oc-440"/>
      </symbol>
      <symbol id="sm-330">
         <name>Power_idleFunc</name>
         <value>0x2000e229</value>
         <object_component_ref idref="oc-513"/>
      </symbol>
      <symbol id="sm-331">
         <name>Power_getConstraintMask</name>
         <value>0x2000e3dd</value>
         <object_component_ref idref="oc-41d"/>
      </symbol>
      <symbol id="sm-332">
         <name>Power_disablePolicy</name>
         <value>0x2000e2d9</value>
         <object_component_ref idref="oc-3a9"/>
      </symbol>
      <symbol id="sm-333">
         <name>Power_init</name>
         <value>0x2000d3bd</value>
         <object_component_ref idref="oc-1c3"/>
      </symbol>
      <symbol id="sm-334">
         <name>PowerCC32XX_setParkState</name>
         <value>0x2000d6f9</value>
         <object_component_ref idref="oc-3bc"/>
      </symbol>
      <symbol id="sm-335">
         <name>Power_getDependencyCount</name>
         <value>0x2000e2ed</value>
         <object_component_ref idref="oc-566"/>
      </symbol>
      <symbol id="sm-336">
         <name>Power_enablePolicy</name>
         <value>0x2000e385</value>
         <object_component_ref idref="oc-380"/>
      </symbol>
      <symbol id="sm-337">
         <name>PowerCC32XX_parkPin</name>
         <value>0x2000dab9</value>
         <object_component_ref idref="oc-550"/>
      </symbol>
      <symbol id="sm-338">
         <name>PowerCC32XX_module</name>
         <value>0x2000e734</value>
         <object_component_ref idref="oc-288"/>
      </symbol>
      <symbol id="sm-339">
         <name>Power_getTransitionLatency</name>
         <value>0x2000e211</value>
         <object_component_ref idref="oc-429"/>
      </symbol>
      <symbol id="sm-33a">
         <name>Power_setDependency</name>
         <value>0x2000d4c5</value>
         <object_component_ref idref="oc-2d4"/>
      </symbol>
      <symbol id="sm-34b">
         <name>PowerCC32XX_enterLPDS</name>
         <value>0x2000dcb1</value>
         <object_component_ref idref="oc-4e3"/>
      </symbol>
      <symbol id="sm-34c">
         <name>PowerCC32XX_resumeLPDS</name>
         <value>0x2000d979</value>
         <object_component_ref idref="oc-559"/>
      </symbol>
      <symbol id="sm-35c">
         <name>List_put</name>
         <value>0x2000e0f9</value>
         <object_component_ref idref="oc-39c"/>
      </symbol>
      <symbol id="sm-3d8">
         <name>SemaphoreP_defaultParams</name>
         <value>0x2000e9cc</value>
         <object_component_ref idref="oc-45d"/>
      </symbol>
      <symbol id="sm-3d9">
         <name>SemaphoreP_construct</name>
         <value>0x2000da1d</value>
         <object_component_ref idref="oc-461"/>
      </symbol>
      <symbol id="sm-3da">
         <name>SemaphoreP_create</name>
         <value>0x2000e285</value>
         <object_component_ref idref="oc-362"/>
      </symbol>
      <symbol id="sm-3db">
         <name>SemaphoreP_post</name>
         <value>0x2000dcf5</value>
         <object_component_ref idref="oc-2b4"/>
      </symbol>
      <symbol id="sm-3dc">
         <name>SemaphoreP_pend</name>
         <value>0x2000cf25</value>
         <object_component_ref idref="oc-2a8"/>
      </symbol>
      <symbol id="sm-3dd">
         <name>SemaphoreP_delete</name>
         <value>0x2000e41b</value>
         <object_component_ref idref="oc-2a2"/>
      </symbol>
      <symbol id="sm-3de">
         <name>SemaphoreP_createBinary</name>
         <value>0x2000e1d9</value>
         <object_component_ref idref="oc-290"/>
      </symbol>
      <symbol id="sm-3df">
         <name>SemaphoreP_Params_init</name>
         <value>0x2000e395</value>
         <object_component_ref idref="oc-35c"/>
      </symbol>
      <symbol id="sm-3e0">
         <name>clkFxn</name>
         <value>0x2000e11f</value>
         <object_component_ref idref="oc-392"/>
      </symbol>
      <symbol id="sm-4a0">
         <name>ClockP_ctrl</name>
         <value>0x2000ede0</value>
      </symbol>
      <symbol id="sm-4a1">
         <name>ClockP_doTick</name>
         <value>0x2000d9cd</value>
         <object_component_ref idref="oc-79"/>
      </symbol>
      <symbol id="sm-4a2">
         <name>ClockP_startup</name>
         <value>0x2000df8d</value>
         <object_component_ref idref="oc-4c2"/>
      </symbol>
      <symbol id="sm-4a3">
         <name>ClockP_stop</name>
         <value>0x2000dc29</value>
         <object_component_ref idref="oc-489"/>
      </symbol>
      <symbol id="sm-4a4">
         <name>ClockP_getTicksUntilInterrupt</name>
         <value>0x2000df59</value>
         <object_component_ref idref="oc-423"/>
      </symbol>
      <symbol id="sm-4a5">
         <name>ClockP_setTicks</name>
         <value>0x2000e365</value>
         <object_component_ref idref="oc-44b"/>
      </symbol>
      <symbol id="sm-4a6">
         <name>ClockP_tickPeriod</name>
         <value>0x2000e9dc</value>
         <object_component_ref idref="oc-457"/>
      </symbol>
      <symbol id="sm-4a7">
         <name>ClockP_getSystemTicks</name>
         <value>0x2000e355</value>
         <object_component_ref idref="oc-42f"/>
      </symbol>
      <symbol id="sm-4a8">
         <name>ClockP_destruct</name>
         <value>0x2000de01</value>
         <object_component_ref idref="oc-38c"/>
      </symbol>
      <symbol id="sm-4a9">
         <name>ClockP_start</name>
         <value>0x2000dff5</value>
         <object_component_ref idref="oc-37a"/>
      </symbol>
      <symbol id="sm-4aa">
         <name>ClockP_sysTickHandler</name>
         <value>0x2000d9cd</value>
         <object_component_ref idref="oc-79"/>
      </symbol>
      <symbol id="sm-4ab">
         <name>ClockP_isActive</name>
         <value>0x2000e3f5</value>
         <object_component_ref idref="oc-386"/>
      </symbol>
      <symbol id="sm-4ac">
         <name>ClockP_getCpuFreq</name>
         <value>0x2000e345</value>
         <object_component_ref idref="oc-411"/>
      </symbol>
      <symbol id="sm-4ad">
         <name>ClockP_add</name>
         <value>0x2000e335</value>
         <object_component_ref idref="oc-374"/>
      </symbol>
      <symbol id="sm-51e">
         <name>HwiP_construct</name>
         <value>0x2000d221</value>
         <object_component_ref idref="oc-3ce"/>
      </symbol>
      <symbol id="sm-51f">
         <name>HwiP_inISR</name>
         <value>0x2000e2b1</value>
         <object_component_ref idref="oc-3a3"/>
      </symbol>
      <symbol id="sm-520">
         <name>HwiP_dispatch</name>
         <value>0x2000e121</value>
         <object_component_ref idref="oc-4a9"/>
      </symbol>
      <symbol id="sm-521">
         <name>HwiP_swiPIntNum</name>
         <value>0x2000e9d8</value>
         <object_component_ref idref="oc-4af"/>
      </symbol>
      <symbol id="sm-522">
         <name>HwiP_Params_init</name>
         <value>0x2000e301</value>
         <object_component_ref idref="oc-2da"/>
      </symbol>
      <symbol id="sm-523">
         <name>HwiP_disable</name>
         <value>0x2000e3a5</value>
         <object_component_ref idref="oc-296"/>
      </symbol>
      <symbol id="sm-524">
         <name>HwiP_key</name>
         <value>0x2000e9d4</value>
         <object_component_ref idref="oc-4af"/>
      </symbol>
      <symbol id="sm-525">
         <name>HwiP_create</name>
         <value>0x2000e055</value>
         <object_component_ref idref="oc-2e0"/>
      </symbol>
      <symbol id="sm-526">
         <name>HwiP_post</name>
         <value>0x2000e417</value>
         <object_component_ref idref="oc-509"/>
      </symbol>
      <symbol id="sm-527">
         <name>HwiP_enable</name>
         <value>0x2000e3b3</value>
         <object_component_ref idref="oc-158"/>
      </symbol>
      <symbol id="sm-528">
         <name>HwiP_restore</name>
         <value>0x2000e375</value>
         <object_component_ref idref="oc-29c"/>
      </symbol>
      <symbol id="sm-558">
         <name>PowerCC32XX_initPolicy</name>
         <value>0x2000d9cb</value>
         <object_component_ref idref="oc-34b"/>
      </symbol>
      <symbol id="sm-559">
         <name>PowerCC32XX_sleepPolicy</name>
         <value>0x2000c651</value>
         <object_component_ref idref="oc-351"/>
      </symbol>
      <symbol id="sm-5ae">
         <name>resetISR</name>
         <value>0x2000e1f5</value>
         <object_component_ref idref="oc-21"/>
      </symbol>
      <symbol id="sm-5af">
         <name>resetVectorAddr</name>
         <value>0x2000e208</value>
         <object_component_ref idref="oc-21"/>
      </symbol>
      <symbol id="sm-5b0">
         <name>initVectors</name>
         <value>0x2000dee9</value>
         <object_component_ref idref="oc-59"/>
      </symbol>
      <symbol id="sm-5b1">
         <name>resetVectors</name>
         <value>0x20004000</value>
         <object_component_ref idref="oc-27"/>
      </symbol>
      <symbol id="sm-5e1">
         <name>SwiP_disable</name>
         <value>0x2000e185</value>
         <object_component_ref idref="oc-417"/>
      </symbol>
      <symbol id="sm-5e2">
         <name>SwiP_restore</name>
         <value>0x2000dd39</value>
         <object_component_ref idref="oc-451"/>
      </symbol>
      <symbol id="sm-5ed">
         <name>CPUcpsid</name>
         <value>0x2000e29b</value>
         <object_component_ref idref="oc-a3"/>
      </symbol>
      <symbol id="sm-632">
         <name>IntVTableBaseSet</name>
         <value>0x2000e2c5</value>
         <object_component_ref idref="oc-af"/>
      </symbol>
      <symbol id="sm-633">
         <name>IntEnable</name>
         <value>0x2000cdd5</value>
         <object_component_ref idref="oc-b5"/>
      </symbol>
      <symbol id="sm-634">
         <name>IntMasterDisable</name>
         <value>0x2000e3ff</value>
         <object_component_ref idref="oc-53"/>
      </symbol>
      <symbol id="sm-635">
         <name>IntPendSet</name>
         <value>0x2000d2ad</value>
         <object_component_ref idref="oc-57c"/>
      </symbol>
      <symbol id="sm-66f">
         <name>PinModeGet</name>
         <value>0x2000dfc1</value>
         <object_component_ref idref="oc-275"/>
      </symbol>
      <symbol id="sm-670">
         <name>PinConfigSet</name>
         <value>0x2000d335</value>
         <object_component_ref idref="oc-2ce"/>
      </symbol>
      <symbol id="sm-671">
         <name>PinModeSet</name>
         <value>0x2000ddc1</value>
         <object_component_ref idref="oc-27b"/>
      </symbol>
      <symbol id="sm-672">
         <name>PinToPadGet</name>
         <value>0x2000e169</value>
         <object_component_ref idref="oc-54a"/>
      </symbol>
      <symbol id="sm-73b">
         <name>PRCMLPDSRestoreInfoSet</name>
         <value>0x2000dc6d</value>
         <object_component_ref idref="oc-55e"/>
      </symbol>
      <symbol id="sm-73c">
         <name>PRCMPeripheralReset</name>
         <value>0x2000d8cd</value>
         <object_component_ref idref="oc-269"/>
      </symbol>
      <symbol id="sm-73d">
         <name>PRCMLPDSEnter</name>
         <value>0x2000db99</value>
         <object_component_ref idref="oc-4fa"/>
      </symbol>
      <symbol id="sm-73e">
         <name>PRCMPeripheralClkEnable</name>
         <value>0x2000dbe1</value>
         <object_component_ref idref="oc-263"/>
      </symbol>
      <symbol id="sm-73f">
         <name>PRCMLPDSEnterKeepDebugIf</name>
         <value>0x2000de79</value>
         <object_component_ref idref="oc-500"/>
      </symbol>
      <symbol id="sm-740">
         <name>PRCMCC3200MCUInit</name>
         <value>0x2000c041</value>
         <object_component_ref idref="oc-1bd"/>
      </symbol>
      <symbol id="sm-741">
         <name>PRCMHIBRegWrite</name>
         <value>0x2000e26f</value>
         <object_component_ref idref="oc-257"/>
      </symbol>
      <symbol id="sm-742">
         <name>PRCMSysResetCauseGet</name>
         <value>0x2000d75d</value>
         <object_component_ref idref="oc-250"/>
      </symbol>
      <symbol id="sm-743">
         <name>PRCMPeripheralClkDisable</name>
         <value>0x2000e081</value>
         <object_component_ref idref="oc-26f"/>
      </symbol>
      <symbol id="sm-744">
         <name>PRCMHIBRegRead</name>
         <value>0x2000e259</value>
         <object_component_ref idref="oc-25d"/>
      </symbol>
      <symbol id="sm-74a">
         <name>UtilsDelay</name>
         <value>0x2000e411</value>
         <object_component_ref idref="oc-256"/>
      </symbol>
      <symbol id="sm-75a">
         <name>FlashDisable</name>
         <value>0x2000db51</value>
         <object_component_ref idref="oc-574"/>
      </symbol>
      <symbol id="sm-763">
         <name>__aeabi_lmul</name>
         <value>0x2000e241</value>
         <object_component_ref idref="oc-446"/>
      </symbol>
      <symbol id="sm-77e">
         <name>memcpy</name>
         <value>0x2000cfc5</value>
         <object_component_ref idref="oc-3b"/>
      </symbol>
      <symbol id="sm-77f">
         <name>__aeabi_memcpy</name>
         <value>0x2000cfc5</value>
         <object_component_ref idref="oc-3b"/>
      </symbol>
      <symbol id="sm-780">
         <name>__aeabi_memcpy8</name>
         <value>0x2000cfc5</value>
         <object_component_ref idref="oc-3b"/>
      </symbol>
      <symbol id="sm-781">
         <name>__aeabi_memcpy4</name>
         <value>0x2000cfc5</value>
         <object_component_ref idref="oc-3b"/>
      </symbol>
      <symbol id="sm-78e">
         <name>__aeabi_uldivmod</name>
         <value>0x2000d0f9</value>
         <object_component_ref idref="oc-43b"/>
      </symbol>
      <symbol id="sm-7a2">
         <name>__TI_zero_init_nomemset</name>
         <value>0x2000e1a1</value>
         <object_component_ref idref="oc-47"/>
      </symbol>
      <symbol id="sm-7b9">
         <name>__TI_decompress_none</name>
         <value>0x2000e3c1</value>
         <object_component_ref idref="oc-1a"/>
      </symbol>
      <symbol id="sm-7dc">
         <name>__TI_decompress_lzss</name>
         <value>0x2000d62d</value>
         <object_component_ref idref="oc-14"/>
      </symbol>
      <symbol id="sm-865">
         <name>_sys_memory</name>
         <value>0x20004040</value>
         <object_component_ref idref="oc-2a"/>
      </symbol>
      <symbol id="sm-866">
         <name>free</name>
         <value>0x2000cb6d</value>
         <object_component_ref idref="oc-36d"/>
      </symbol>
      <symbol id="sm-867">
         <name>memalign</name>
         <value>0x2000ca6d</value>
         <object_component_ref idref="oc-49f"/>
      </symbol>
      <symbol id="sm-868">
         <name>malloc</name>
         <value>0x2000e409</value>
         <object_component_ref idref="oc-3c8"/>
      </symbol>
      <symbol id="sm-869">
         <name>aligned_alloc</name>
         <value>0x2000ca6d</value>
         <object_component_ref idref="oc-49f"/>
      </symbol>
      <symbol id="sm-87b">
         <name>__stack</name>
         <value>0x20003000</value>
         <object_component_ref idref="oc-2d"/>
      </symbol>
      <symbol id="sm-87c">
         <name>_c_int00_noargs</name>
         <value>0x2000e145</value>
         <object_component_ref idref="oc-c5"/>
      </symbol>
      <symbol id="sm-886">
         <name>__aeabi_idiv0</name>
         <value>0x2000e427</value>
         <object_component_ref idref="oc-4cb"/>
      </symbol>
      <symbol id="sm-887">
         <name>__aeabi_ldiv0</name>
         <value>0x2000e427</value>
         <object_component_ref idref="oc-4cb"/>
      </symbol>
      <symbol id="sm-8b0">
         <name>__TI_auto_init_nobinit_nopinit</name>
         <value>0x2000dd7d</value>
         <object_component_ref idref="oc-171"/>
      </symbol>
      <symbol id="sm-8ba">
         <name>_system_pre_init</name>
         <value>0x2000e41f</value>
         <object_component_ref idref="oc-114"/>
      </symbol>
      <symbol id="sm-8c6">
         <name>C$$EXIT</name>
         <value>0x2000e423</value>
         <object_component_ref idref="oc-165"/>
      </symbol>
      <symbol id="sm-8c7">
         <name>abort</name>
         <value>0x2000e423</value>
         <object_component_ref idref="oc-165"/>
      </symbol>
      <symbol id="sm-8dc">
         <name>_nop</name>
         <value>0x2000de77</value>
         <object_component_ref idref="oc-313"/>
      </symbol>
      <symbol id="sm-8dd">
         <name>_lock</name>
         <value>0x2000e9bc</value>
         <object_component_ref idref="oc-200"/>
      </symbol>
      <symbol id="sm-8de">
         <name>_unlock</name>
         <value>0x2000e9c0</value>
         <object_component_ref idref="oc-200"/>
      </symbol>
      <symbol id="sm-8e0">
         <name>__TI_static_base__</name>
         <value>0x2000ee08</value>
      </symbol>
      <symbol id="sm-8e3">
         <name>ITM_flush</name>
         <value>0x0</value>
      </symbol>
      <symbol id="sm-8e4">
         <name>ITM_restore</name>
         <value>0x0</value>
      </symbol>
      <symbol id="sm-8e5">
         <name>__mpu_init</name>
         <value>0x0</value>
      </symbol>
      <symbol id="sm-8e6">
         <name>_system_post_cinit</name>
         <value>0x0</value>
      </symbol>
      <symbol id="sm-8e7">
         <name>NoRTOS_start</name>
         <value>0x2000e3b3</value>
      </symbol>
   </symbol_table>
   <title>Link successful</title>
</link_info>
