******************************************************************************
                  TI ARM Linker PC v20.2.7                     
******************************************************************************
>> Linked Sun Dec 17 18:00:39 2023

OUTPUT FILE NAME:   <Mills_Final.out>
ENTRY POINT SYMBOL: "resetISR"  address: 20012129


MEMORY CONFIGURATION

         name            origin    length      used     unused   attr    fill
----------------------  --------  ---------  --------  --------  ----  --------
  SRAM2                 20000000   00004000  0000130c  00002cf4  RW X
  SRAM                  20004000   0003c000  0000f67a  0002c986  RW X
  LOG_DATA              90000000   00040000  00000000  00040000  R   


SEGMENT ALLOCATION MAP

run origin  load origin   length   init length attrs members
----------  ----------- ---------- ----------- ----- -------
20003000    20003000    00001000   00000000    rw-
  20003000    20003000    00001000   00000000    rw- .stack
20004000    20004000    00000040   00000040    r--
  20004000    20004000    00000040   00000040    r-- .resetVecs
20004040    20004040    00008000   00000000    rw-
  20004040    20004040    00008000   00000000    rw- .sysmem
2000c040    2000c040    00006658   00006658    r-x
  2000c040    2000c040    00006658   00006658    r-x .text
20012698    20012698    000005cc   00000000    rw-
  20012698    20012698    000005cc   00000000    rw- .data
20012c64    20012c64    0000054a   0000054a    r--
  20012c64    20012c64    0000054a   0000054a    r-- .const
200131b0    200131b0    000003d4   00000000    rw-
  200131b0    200131b0    000003d4   00000000    rw- .bss
20013588    20013588    000000f8   000000f8    r--
  20013588    20013588    000000f8   000000f8    r-- .cinit


SECTION ALLOCATION MAP

 output                                  attributes/
section   page    origin      length       input sections
--------  ----  ----------  ----------   ----------------
.text      0    2000c040    00006658     
                  2000c040    00000a4e     rtsv7M4_T_le_eabi.lib : _printfi.c.obj (.text:__TI_printfi)
                  2000ca8e    00000002     ti_drivers_config.obj (.text:Board_initHook)
                  2000ca90    0000042c     driverlib.a : prcm.obj (.text:PRCMCC3200MCUInit)
                  2000cebc    00000288     drivers_cc32xx.a : UARTCC32XX.oem4 (.text:UARTCC32XX_open)
                  2000d144    00000268     rtsv7M4_T_le_eabi.lib : _printfi.c.obj (.text:_pconv_a)
                  2000d3ac    00000250     gpiointerrupt.obj (.text:initI2C)
                  2000d5fc    000001e4     drivers_cc32xx.a : GPIOCC32XX.oem4 (.text:GPIO_setConfig)
                  2000d7e0    000001cc     rtsv7M4_T_le_eabi.lib : _printfi.c.obj (.text:_pconv_g)
                  2000d9ac    000001b6                           : fd_add_t2.asm.obj (.text)
                  2000db62    00000002     drivers_cc32xx.a : I2C.oem4 (.text:I2C_init)
                  2000db64    0000019c     nortos_cc32xx.a : PowerCC32XX_nortos.oem4 (.text:PowerCC32XX_sleepPolicy)
                  2000dd00    00000148     drivers_cc32xx.a : I2CCC32XX.oem4 (.text:I2CCC32XX_hwiFxn)
                  2000de48    00000148                      : PowerCC32XX.oem4 (.text:parkPins)
                  2000df90    0000013c     rtsv7M4_T_le_eabi.lib : _printfi.c.obj (.text:_pconv_e)
                  2000e0cc    00000138     drivers_cc32xx.a : PowerCC32XX.oem4 (.text:Power_sleep)
                  2000e204    00000136     rtsv7M4_T_le_eabi.lib : fd_div_t2.asm.obj (.text)
                  2000e33a    00000002     nortos_cc32xx.a : PowerCC32XX_nortos.oem4 (.text:PowerCC32XX_initPolicy)
                  2000e33c    00000128     drivers_cc32xx.a : TimerCC32XX.oem4 (.text:TimerCC32XX_open)
                  2000e464    00000122                      : I2C.oem4 (.text:I2C_transferTimeout)
                  2000e586    00000002                      : TimerCC32XX.oem4 (.text:TimerCC32XX_init)
                  2000e588    00000120                      : UARTCC32XX.oem4 (.text:UARTCC32XX_close)
                  2000e6a8    00000120     rtsv7M4_T_le_eabi.lib : _printfi.c.obj (.text:fcvt)
                  2000e7c8    00000120     gpiointerrupt.obj (.text:readTemp)
                  2000e8e8    00000100     rtsv7M4_T_le_eabi.lib : memory.c.obj (.text:aligned_alloc)
                  2000e9e8    000000fc     drivers_cc32xx.a : I2CCC32XX.oem4 (.text:I2C_open)
                  2000eae4    000000fc     rtsv7M4_T_le_eabi.lib : fd_mul_t2.asm.obj (.text)
                  2000ebe0    000000f2     drivers_cc32xx.a : UARTCC32XX.oem4 (.text:UARTCC32XX_control)
                  2000ecd2    00000002                      : UARTCC32XX.oem4 (.text:UARTCC32XX_init)
                  2000ecd4    000000e4     rtsv7M4_T_le_eabi.lib : memory.c.obj (.text:free)
                  2000edb8    000000d0                           : s_scalbn.c.obj (.text:scalbn)
                  2000ee88    000000ca     drivers_cc32xx.a : UARTCC32XX.oem4 (.text:UARTCC32XX_write)
                  2000ef52    00000002     rtsv7M4_T_le_eabi.lib : _lock.c.obj (.text:_nop)
                  2000ef54    000000c4     drivers_cc32xx.a : GPIOCC32XX.oem4 (.text:GPIO_init)
                  2000f018    000000c0                      : PowerCC32XX.oem4 (.text:restoreParkedPins)
                  2000f0d8    000000bc     gpiointerrupt.obj (.text:mainThread)
                  2000f194    000000ba     drivers_cc32xx.a : UARTCC32XX.oem4 (.text:UARTCC32XX_readPolling)
                  2000f24e    00000002     nortos_cc32xx.a : startup_cc32xx_ccs.oem4 (.text:busFaultHandler)
                  2000f250    000000b8     drivers_cc32xx.a : UARTCC32XX.oem4 (.text:initHw)
                  2000f308    000000b6                      : UARTCC32XX.oem4 (.text:readTaskCallback)
                  2000f3be    000000b2                      : I2CCC32XX.oem4 (.text:I2CCC32XX_completeTransfer)
                  2000f470    000000b1     rtsv7M4_T_le_eabi.lib : _printfi.c.obj (.text:_ltostr)
                  2000f521    00000001     --HOLE-- [fill = 0]
                  2000f522    000000b0     drivers_cc32xx.a : UARTCC32XX.oem4 (.text:readTaskBlocking)
                  2000f5d2    000000ae                      : UARTCC32XX.oem4 (.text:readIsrTextBlocking)
                  2000f680    000000a8                      : I2CCC32XX.oem4 (.text:I2CCC32XX_primeWriteBurst)
                  2000f728    000000a8     driverlib.a : interrupt.obj (.text:IntEnable)
                  2000f7d0    000000a8     drivers_cc32xx.a : PowerCC32XX.oem4 (.text:PowerCC32XX_configureWakeup)
                  2000f878    000000a2                      : UARTCC32XX.oem4 (.text:readIsrTextCallback)
                  2000f91a    000000a2                      : UARTCC32XX.oem4 (.text:writeData)
                  2000f9bc    000000a0     nortos_cc32xx.a : SemaphoreP_nortos.oem4 (.text:SemaphoreP_pend)
                  2000fa5c    000000a0     gpiointerrupt.obj (.text:setHeatMode)
                  2000fafc    0000009c     drivers_cc32xx.a : I2CCC32XX.oem4 (.text:I2CCC32XX_initHw)
                  2000fb98    0000009c     rtsv7M4_T_le_eabi.lib : memcpy_t2.asm.obj (.text)
                  2000fc34    00000098     drivers_cc32xx.a : GPIOCC32XX.oem4 (.text:powerNotifyFxn)
                  2000fccc    00000096     rtsv7M4_T_le_eabi.lib : ull_div_t2.asm.obj (.text)
                  2000fd62    00000002     nortos_cc32xx.a : SemaphoreP_nortos.oem4 (.text:clkFxn)
                  2000fd64    00000090     drivers_cc32xx.a : PowerCC32XX.oem4 (.text:restoreNVICRegs)
                  2000fdf4    0000008c     nortos_cc32xx.a : HwiPCC32XX_nortos.oem4 (.text:HwiP_construct)
                  2000fe80    00000088     driverlib.a : interrupt.obj (.text:IntPendSet)
                  2000ff08    00000088                 : pin.obj (.text:PinConfigSet)
                  2000ff90    00000088     drivers_cc32xx.a : TimerCC32XX.oem4 (.text:TimerCC32XX_setPeriod)
                  20010018    00000086     rtsv7M4_T_le_eabi.lib : fd_cmp_t2.asm.obj (.text:__aeabi_cdcmple)
                  2001009e    00000086                           : fd_cmp_t2.asm.obj (.text:__aeabi_cdrcmple)
                  20010124    00000084     drivers_cc32xx.a : PowerCC32XX.oem4 (.text:Power_init)
                  200101a8    00000084                      : PowerCC32XX.oem4 (.text:saveNVICRegs)
                  2001022c    00000080                      : PowerCC32XX.oem4 (.text:Power_setDependency)
                  200102ac    0000007c                      : UARTCC32XX.oem4 (.text:readIsrBinaryBlocking)
                  20010328    0000007a                      : I2CCC32XX.oem4 (.text:I2CCC32XX_primeReadBurst)
                  200103a2    0000007a     rtsv7M4_T_le_eabi.lib : fs_mul_t2.asm.obj (.text)
                  2001041c    0000007a                           : memset_t2.asm.obj (.text)
                  20010496    00000002     nortos_cc32xx.a : startup_cc32xx_ccs.oem4 (.text:defaultHandler)
                  20010498    00000078     drivers_cc32xx.a : GPIOCC32XX.oem4 (.text:GPIO_hwiIntFxn)
                  20010510    00000078                      : TimerCC32XX.oem4 (.text:TimerCC32XX_start)
                  20010588    00000078                      : UARTCC32XX.oem4 (.text:readIsrBinaryCallback)
                  20010600    00000074                      : UARTCC32XX.oem4 (.text:UARTCC32XX_hwiIntFxn)
                  20010674    00000070     rtsv7M4_T_le_eabi.lib : memory.c.obj (.text:split)
                  200106e4    0000006e                           : _printfi.c.obj (.text:_mcpy)
                  20010752    0000006a     drivers_cc32xx.a : I2CCC32XX.oem4 (.text:I2CSupport_primeTransfer)
                  200107bc    00000068     rtsv7M4_T_le_eabi.lib : copy_decompress_lzss.c.obj (.text:decompress:lzss:__TI_decompress_lzss)
                  20010824    00000066     drivers_cc32xx.a : UARTCC32XX.oem4 (.text:UARTCC32XX_writeCancel)
                  2001088a    00000002     nortos_cc32xx.a : startup_cc32xx_ccs.oem4 (.text:faultISR)
                  2001088c    00000064     drivers_cc32xx.a : PowerCC32XX.oem4 (.text:PowerCC32XX_setParkState)
                  200108f0    00000062                      : UARTCC32XX.oem4 (.text:UARTCC32XX_writePolling)
                  20010952    00000002     nortos_cc32xx.a : startup_cc32xx_ccs.oem4 (.text:nmiISR)
                  20010954    00000060     driverlib.a : prcm.obj (.text:PRCMSysResetCauseGet)
                  200109b4    00000060     gpiointerrupt.obj (.text:adjustSetPointTemperature)
                  20010a14    0000005c     drivers_cc32xx.a : GPIOCC32XX.oem4 (.text:GPIO_setCallback)
                  20010a70    0000005c     rtsv7M4_T_le_eabi.lib : s_frexp.c.obj (.text:frexp)
                  20010acc    0000005c     gpiointerrupt.obj (.text:initGPIO)
                  20010b28    0000005c     nortos_cc32xx.a : ClockPSysTick_nortos.oem4 (.text:sysTickInit)
                  20010b84    00000058     drivers_cc32xx.a : GPIOCC32XX.oem4 (.text:GPIO_write)
                  20010bdc    00000058     driverlib.a : prcm.obj (.text:PRCMPeripheralReset)
                  20010c34    00000058     drivers_cc32xx.a : PowerCC32XX.oem4 (.text:Power_releaseDependency)
                  20010c8c    00000056                      : TimerCC32XX.oem4 (.text:TimerCC32XX_stop)
                  20010ce2    00000056     rtsv7M4_T_le_eabi.lib : _printfi.c.obj (.text:_pconv_f)
                  20010d38    00000054                           : _ltoa.c.obj (.text:__TI_ltoa)
                  20010d8c    00000054     gpiointerrupt.obj (.text:initTimer)
                  20010de0    00000054     drivers_cc32xx.a : UARTCC32XX.oem4 (.text:ringBufGet)
                  20010e34    00000052                      : PowerCC32XX_asm.oem4 (.text:PowerCC32XX_resumeLPDS)
                  20010e86    00000052     rtsv7M4_T_le_eabi.lib : _printfi.c.obj (.text:_ecpy)
                  20010ed8    00000052     drivers_cc32xx.a : TimerCC32XX.oem4 (.text:initHw)
                  20010f2a    00000002     rtsv7M4_T_le_eabi.lib : div0.asm.obj (.text)
                  20010f2c    00000050     nortos_cc32xx.a : ClockPSysTick_nortos.oem4 (.text:ClockP_sysTickHandler)
                  20010f7c    00000050                     : SemaphoreP_nortos.oem4 (.text:SemaphoreP_construct)
                  20010fcc    00000050     drivers_cc32xx.a : TimerCC32XX.oem4 (.text:TimerCC32XX_allocateTimerResource)
                  2001101c    0000004c                      : GPIOCC32XX.oem4 (.text:GPIO_enableInt)
                  20011068    0000004c                      : I2CCC32XX.oem4 (.text:I2CCC32XX_readRecieveFifo)
                  200110b4    0000004c                      : PowerCC32XX.oem4 (.text:PowerCC32XX_parkPin)
                  20011100    0000004c     rtsv7M4_T_le_eabi.lib : atoi.c.obj (.text:atoi)
                  2001114c    0000004c     drivers_cc32xx.a : PowerCC32XX.oem4 (.text:restorePeriphClocks)
                  20011198    0000004c     rtsv7M4_T_le_eabi.lib : snprintf.c.obj (.text:snprintf)
                  200111e4    00000048     driverlib.a : flash.obj (.text:FlashDisable)
                  2001122c    00000048                 : prcm.obj (.text:PRCMLPDSEnter)
                  20011274    00000048                 : prcm.obj (.text:PRCMPeripheralClkEnable)
                  200112bc    00000048     drivers_cc32xx.a : PowerCC32XX.oem4 (.text:Power_releaseConstraint)
                  20011304    00000048     rtsv7M4_T_le_eabi.lib : fd_toi_t2.asm.obj (.text)
                  2001134c    00000046     drivers_cc32xx.a : RingBuf.oem4 (.text:RingBuf_put)
                  20011392    00000046                      : TimerCC32XX.oem4 (.text:getPrescaler)
                  200113d8    00000044     nortos_cc32xx.a : ClockPSysTick_nortos.oem4 (.text:ClockP_stop)
                  2001141c    00000044     driverlib.a : prcm.obj (.text:PRCMLPDSRestoreInfoSet)
                  20011460    00000044     drivers_cc32xx.a : PowerCC32XX_asm.oem4 (.text:PowerCC32XX_enterLPDS)
                  200114a4    00000044     nortos_cc32xx.a : SemaphoreP_nortos.oem4 (.text:SemaphoreP_post)
                  200114e8    00000044                     : SwiP_nortos.oem4 (.text:SwiP_restore)
                  2001152c    00000044     drivers_cc32xx.a : Timer.oem4 (.text:Timer_init)
                  20011570    00000044                      : UART.oem4 (.text:UART_init)
                  200115b4    00000044     rtsv7M4_T_le_eabi.lib : autoinit.c.obj (.text:__TI_auto_init_nobinit_nopinit:__TI_auto_init_nobinit_nopinit)
                  200115f8    00000044     gpiointerrupt.obj (.text:initUART)
                  2001163c    00000040     nortos_cc32xx.a : ClockPSysTick_nortos.oem4 (.text:ClockP_construct)
                  2001167c    00000040     driverlib.a : pin.obj (.text:PinModeSet)
                  200116bc    00000040     drivers_cc32xx.a : RingBuf.oem4 (.text:RingBuf_get)
                  200116fc    00000040                      : Timer.oem4 (.text:Timer_open)
                  2001173c    00000040                      : UARTCC32XX.oem4 (.text:UARTCC32XX_read)
                  2001177c    00000040                      : UART.oem4 (.text:UART_open)
                  200117bc    0000003e     rtsv7M4_T_le_eabi.lib : _printfi.c.obj (.text:_fcpy)
                  200117fa    00000002     --HOLE-- [fill = 0]
                  200117fc    0000003c     nortos_cc32xx.a : ClockPSysTick_nortos.oem4 (.text:ClockP_destruct)
                  20011838    0000003c     drivers_cc32xx.a : PowerCC32XX.oem4 (.text:Power_setConstraint)
                  20011874    0000003a                      : TimerCC32XX.oem4 (.text:TimerCC32XX_close)
                  200118ae    0000003a     nortos_cc32xx.a : PowerCC32XX_nortos.oem4 (.text:getCountsRTC)
                  200118e8    00000038     driverlib.a : prcm.obj (.text:PRCMLPDSEnterKeepDebugIf)
                  20011920    00000038     drivers_cc32xx.a : TimerCC32XX.oem4 (.text:TimerCC32XX_hwiIntFunction)
                  20011958    00000038     nortos_cc32xx.a : ClockPSysTick_nortos.oem4 (.text:addToList)
                  20011990    00000038                     : startup_cc32xx_ccs.oem4 (.text:initVectors)
                  200119c8    00000038     drivers_cc32xx.a : PowerCC32XX.oem4 (.text:notify)
                  20011a00    00000038     rtsv7M4_T_le_eabi.lib : fs_toi_t2.asm.obj (.text)
                  20011a38    00000038                           : i_tofs_t2.asm.obj (.text)
                  20011a70    00000036     driverlib.a : timer.obj (.text:TimerControlStall)
                  20011aa6    00000036     drivers_cc32xx.a : UARTCC32XX.oem4 (.text:UARTCC32XX_readCancel)
                  20011adc    00000034     nortos_cc32xx.a : ClockPSysTick_nortos.oem4 (.text:ClockP_getTicksUntilInterrupt)
                  20011b10    00000034                     : ClockPSysTick_nortos.oem4 (.text:ClockP_startup)
                  20011b44    00000034     driverlib.a : pin.obj (.text:PinModeGet)
                  20011b78    00000034     drivers_cc32xx.a : PowerCC32XX.oem4 (.text:PowerCC32XX_restoreParkState)
                  20011bac    00000034                      : TimerCC32XX.oem4 (.text:TimerCC32XX_freeTimerResource)
                  20011be0    00000034                      : TimerCC32XX.oem4 (.text:getPowerMgrId)
                  20011c14    00000030     nortos_cc32xx.a : ClockPSysTick_nortos.oem4 (.text:ClockP_start)
                  20011c44    00000030     drivers_cc32xx.a : PowerCC32XX.oem4 (.text:PowerCC32XX_restoreParkedPin)
                  20011c74    00000030     rtsv7M4_T_le_eabi.lib : snprintf.c.obj (.text:_outs)
                  20011ca4    0000002e                           : i_tofd_t2.asm.obj (.text)
                  20011cd2    00000002     --HOLE-- [fill = 0]
                  20011cd4    0000002c     drivers_cc32xx.a : PowerCC32XX.oem4 (.text:PowerCC32XX_getParkState)
                  20011d00    0000002a     nortos_cc32xx.a : HwiPCC32XX_nortos.oem4 (.text:HwiP_create)
                  20011d2a    0000002a     driverlib.a : timer.obj (.text:TimerLoadSet)
                  20011d54    0000002a                 : timer.obj (.text:TimerPrescaleSet)
                  20011d7e    00000028                 : i2c.obj (.text:I2CFIFODataPutNonBlocking)
                  20011da6    00000002     --HOLE-- [fill = 0]
                  20011da8    00000028                 : prcm.obj (.text:PRCMPeripheralClkDisable)
                  20011dd0    00000028     drivers_cc32xx.a : PowerCC32XX.oem4 (.text:Power_registerNotify)
                  20011df8    00000028     rtsv7M4_T_le_eabi.lib : memory.c.obj (.text:free_list_insert)
                  20011e20    00000028     gpiointerrupt.obj (.text:getAmbientTemperature)
                  20011e48    00000026     driverlib.a : i2c.obj (.text:I2CFIFODataGetNonBlocking)
                  20011e6e    00000026     drivers_cc32xx.a : I2C.oem4 (.text:I2C_cancel)
                  20011e94    00000026                      : List.oem4 (.text:List_put)
                  20011eba    00000026                      : List.oem4 (.text:List_remove)
                  20011ee0    00000024     nortos_cc32xx.a : HwiPCC32XX_nortos.oem4 (.text:HwiP_dispatch)
                  20011f04    00000024     drivers_cc32xx.a : PowerCC32XX.oem4 (.text:PowerCC32XX_reset)
                  20011f28    00000024     rtsv7M4_T_le_eabi.lib : boot_cortex_m.c.obj (.text:_c_int00_noargs:_c_int00_noargs)
                  20011f4c    00000022     driverlib.a : i2c.obj (.text:I2CMasterSlaveAddrSet)
                  20011f6e    00000020     nortos_cc32xx.a : HwiPCC32XX_nortos.oem4 (.text:HwiP_destruct)
                  20011f8e    00000002     --HOLE-- [fill = 0]
                  20011f90    00000020     drivers_cc32xx.a : PowerCC32XX.oem4 (.text:Power_unregisterNotify)
                  20011fb0    00000020                      : RingBuf.oem4 (.text:RingBuf_peek)
                  20011fd0    00000020                      : UARTCC32XX.oem4 (.text:getPowerMgrId)
                  20011ff0    0000001e     driverlib.a : i2c.obj (.text:I2CMasterIntStatusEx)
                  2001200e    0000001e     nortos_cc32xx.a : SemaphoreP_nortos.oem4 (.text:SemaphoreP_constructBinary)
                  2001202c    0000001e     driverlib.a : timer.obj (.text:TimerDisable)
                  2001204a    0000001e                 : timer.obj (.text:TimerEnable)
                  20012068    0000001c                 : pin.obj (.text:PinToPadGet)
                  20012084    0000001c     nortos_cc32xx.a : SwiP_nortos.oem4 (.text:SwiP_disable)
                  200120a0    0000001c     rtsv7M4_T_le_eabi.lib : copy_zero_init.c.obj (.text:decompress:ZI:__TI_zero_init_nomemset:__TI_zero_init_nomemset)
                  200120bc    0000001c                           : memory.c.obj (.text:free_list_remove)
                  200120d8    0000001c                           : memccpy.c.obj (.text:memccpy)
                  200120f4    0000001a     nortos_cc32xx.a : ClockPSysTick_nortos.oem4 (.text:ClockP_create)
                  2001210e    0000001a                     : SemaphoreP_nortos.oem4 (.text:SemaphoreP_createBinary)
                  20012128    0000001a                     : startup_cc32xx_ccs.oem4 (.text:resetISR)
                  20012142    00000018     driverlib.a : i2c.obj (.text:I2CMasterBusBusy)
                  2001215a    00000018                 : i2c.obj (.text:I2CMasterIntDisableEx)
                  20012172    00000018                 : i2c.obj (.text:I2CMasterIntEnableEx)
                  2001218a    00000018                 : i2c.obj (.text:I2CRxFIFOFlush)
                  200121a2    00000018                 : i2c.obj (.text:I2CTxFIFOFlush)
                  200121ba    00000002     --HOLE-- [fill = 0]
                  200121bc    00000018     drivers_cc32xx.a : PowerCC32XX.oem4 (.text:Power_getTransitionLatency)
                  200121d4    00000018                      : PowerCC32XX.oem4 (.text:Power_idleFunc)
                  200121ec    00000018                      : TimerCC32XX.oem4 (.text:TimerCC32XX_getCount)
                  20012204    00000018     driverlib.a : timer.obj (.text:TimerIntDisable)
                  2001221c    00000018                 : timer.obj (.text:TimerIntEnable)
                  20012234    00000018                 : uart.obj (.text:UARTBusy)
                  2001224c    00000018                 : uart.obj (.text:UARTIntEnable)
                  20012264    00000018     drivers_cc32xx.a : UART.oem4 (.text:UART_Params_init)
                  2001227c    00000018     rtsv7M4_T_le_eabi.lib : snprintf.c.obj (.text:_outc)
                  20012294    00000018     gpiointerrupt.obj (.text:gpioDecreaseTemperatureCallback)
                  200122ac    00000018     gpiointerrupt.obj (.text:gpioIncreaseTemperatureCallback)
                  200122c4    00000018     rtsv7M4_T_le_eabi.lib : ll_mul_t2.asm.obj (.text)
                  200122dc    00000018     gpiointerrupt.obj (.text:timerCallback)
                  200122f4    00000016     driverlib.a : i2c.obj (.text:I2CMasterBurstLengthSet)
                  2001230a    00000016                 : prcm.obj (.text:PRCMHIBRegRead)
                  20012320    00000016                 : prcm.obj (.text:PRCMHIBRegWrite)
                  20012336    00000016     nortos_cc32xx.a : SemaphoreP_nortos.oem4 (.text:SemaphoreP_create)
                  2001234c    00000016     rtsv7M4_T_le_eabi.lib : strchr.c.obj (.text:strchr)
                  20012362    00000014     driverlib.a : cpu.obj (.text:CPUcpsid)
                  20012376    00000002     --HOLE-- [fill = 0]
                  20012378    00000014     nortos_cc32xx.a : HwiPCC32XX_nortos.oem4 (.text:HwiP_inISR)
                  2001238c    00000014     drivers_cc32xx.a : I2CCC32XX.oem4 (.text:I2CSupport_masterFinish)
                  200123a0    00000014                      : I2C.oem4 (.text:I2C_transfer)
                  200123b4    00000014     driverlib.a : interrupt.obj (.text:IntVTableBaseSet)
                  200123c8    00000014     drivers_cc32xx.a : PowerCC32XX.oem4 (.text:Power_disablePolicy)
                  200123dc    00000014                      : PowerCC32XX.oem4 (.text:Power_getDependencyCount)
                  200123f0    00000014                      : UARTCC32XX.oem4 (.text:releasePowerConstraint)
                  20012404    00000014     rtsv7M4_T_le_eabi.lib : strlen.c.obj (.text:strlen)
                  20012418    00000012     nortos_cc32xx.a : HwiPCC32XX_nortos.oem4 (.text:HwiP_Params_init)
                  2001242a    00000012     driverlib.a : i2c.obj (.text:I2CMasterIntClearEx)
                  2001243c    00000012     drivers_cc32xx.a : RingBuf.oem4 (.text:RingBuf_construct)
                  2001244e    00000012     driverlib.a : timer.obj (.text:TimerIntClear)
                  20012460    00000012     main_nortos.obj (.text:main)
                  20012472    00000012     rtsv7M4_T_le_eabi.lib : wcslen.c.obj (.text:wcslen)
                  20012484    00000010     ti_drivers_config.obj (.text:Board_init)
                  20012494    00000010     nortos_cc32xx.a : ClockPSysTick_nortos.oem4 (.text:ClockP_add)
                  200124a4    00000010                     : ClockPSysTick_nortos.oem4 (.text:ClockP_delete)
                  200124b4    00000010                     : ClockPSysTick_nortos.oem4 (.text:ClockP_getCpuFreq)
                  200124c4    00000010                     : ClockPSysTick_nortos.oem4 (.text:ClockP_getSystemTicks)
                  200124d4    00000010                     : ClockPSysTick_nortos.oem4 (.text:ClockP_setTicks)
                  200124e4    00000010                     : HwiPCC32XX_nortos.oem4 (.text:HwiP_delete)
                  200124f4    00000010                     : HwiPCC32XX_nortos.oem4 (.text:HwiP_restore)
                  20012504    00000010     driverlib.a : i2c.obj (.text:I2CFIFOStatus)
                  20012514    00000010     drivers_cc32xx.a : I2C.oem4 (.text:I2C_Params_init)
                  20012524    00000010                      : PowerCC32XX.oem4 (.text:Power_enablePolicy)
                  20012534    00000010     nortos_cc32xx.a : SemaphoreP_nortos.oem4 (.text:SemaphoreP_Params_init)
                  20012544    00000010     drivers_cc32xx.a : Timer.oem4 (.text:Timer_Params_init)
                  20012554    00000010                      : UARTCC32XX.oem4 (.text:readBlockingTimeout)
                  20012564    0000000e     nortos_cc32xx.a : HwiPCC32XX_nortos.oem4 (.text:HwiP_clearInterrupt)
                  20012572    0000000e                     : HwiPCC32XX_nortos.oem4 (.text:HwiP_disable)
                  20012580    0000000e                     : HwiPCC32XX_nortos.oem4 (.text:HwiP_disableInterrupt)
                  2001258e    0000000e                     : HwiPCC32XX_nortos.oem4 (.text:HwiP_enable)
                  2001259c    0000000e                     : HwiPCC32XX_nortos.oem4 (.text:HwiP_enableInterrupt)
                  200125aa    0000000e     drivers_cc32xx.a : I2CCC32XX.oem4 (.text:I2CCC32XX_updateReg)
                  200125b8    0000000e                      : RingBuf.oem4 (.text:RingBuf_isFull)
                  200125c6    0000000e     rtsv7M4_T_le_eabi.lib : copy_decompress_none.c.obj (.text:decompress:none:__TI_decompress_none)
                  200125d4    0000000c     drivers_cc32xx.a : I2CCC32XX.oem4 (.text:I2CCC32XX_postNotify)
                  200125e0    0000000c                      : PowerCC32XX.oem4 (.text:Power_getConstraintMask)
                  200125ec    0000000c     rtsv7M4_T_le_eabi.lib : s_copysign.c.obj (.text:copysign)
                  200125f8    0000000c     drivers_cc32xx.a : TimerCC32XX.oem4 (.text:postNotifyFxn)
                  20012604    0000000c                      : UARTCC32XX.oem4 (.text:postNotifyFxn)
                  20012610    0000000a     nortos_cc32xx.a : ClockPSysTick_nortos.oem4 (.text:ClockP_Params_init)
                  2001261a    0000000a                     : ClockPSysTick_nortos.oem4 (.text:ClockP_isActive)
                  20012624    0000000a     driverlib.a : interrupt.obj (.text:IntMasterDisable)
                  2001262e    0000000a     drivers_cc32xx.a : Timer.oem4 (.text:Timer_start)
                  20012638    0000000a                      : UART.oem4 (.text:UART_write)
                  20012642    00000008                      : I2CCC32XX.oem4 (.text:I2CCC32XX_blockingCallback)
                  2001264a    00000002     --HOLE-- [fill = 0]
                  2001264c    00000008     rtsv7M4_T_le_eabi.lib : errno.c.obj (.text:__aeabi_errno_addr)
                  20012654    00000008                           : memory.c.obj (.text:malloc)
                  2001265c    00000008     drivers_cc32xx.a : UARTCC32XX.oem4 (.text:readSemCallback)
                  20012664    00000008                      : UARTCC32XX.oem4 (.text:writeSemCallback)
                  2001266c    00000006                      : I2CCC32XX.oem4 (.text:I2CSupport_powerRelConstraint)
                  20012672    00000006                      : I2CCC32XX.oem4 (.text:I2CSupport_powerSetConstraint)
                  20012678    00000006                      : TimerCC32XX.oem4 (.text:TimerCC32XX_control)
                  2001267e    00000006     driverlib.a : utils.obj (.text:UtilsDelay)
                  20012684    00000004     nortos_cc32xx.a : ClockPSysTick_nortos.oem4 (.text:ClockP_setTimeout)
                  20012688    00000004                     : HwiPCC32XX_nortos.oem4 (.text:HwiP_post)
                  2001268c    00000004                     : SemaphoreP_nortos.oem4 (.text:SemaphoreP_delete)
                  20012690    00000004     rtsv7M4_T_le_eabi.lib : pre_init.c.obj (.text:_system_pre_init)
                  20012694    00000004                           : exit.c.obj (.text:abort:abort)

.const     0    20012c64    0000054a     
                  20012c64    00000101     rtsv7M4_T_le_eabi.lib : ctype.c.obj (.const:.string:_ctypes_)
                  20012d65    00000003     --HOLE-- [fill = 0]
                  20012d68    00000100     driverlib.a : pin.obj (.const:g_ulPinToPadMap)
                  20012e68    000000a8                 : prcm.obj (.const:PRCM_PeriphRegsList)
                  20012f10    00000044     ti_drivers_config.obj (.const:PowerCC32XX_config)
                  20012f54    00000030     gpiointerrupt.obj (.const:$P$T0$1)
                  20012f84    00000028     drivers_cc32xx.a : UARTCC32XX.oem4 (.const:UARTCC32XX_fxnTable)
                  20012fac    00000024                      : UART.oem4 (.const:UART_defaultParams)
                  20012fd0    00000024     ti_drivers_config.obj (.const:uartCC32XXHWAttrs0)
                  20012ff4    00000021     drivers_cc32xx.a : GPIOCC32XX.oem4 (.const:.string:pinTable)
                  20013015    00000003     --HOLE-- [fill = 0]
                  20013018    00000020                      : TimerCC32XX.oem4 (.const:TimerCC32XX_fxnTable)
                  20013038    00000020                      : UARTCC32XX.oem4 (.const:staticFxnTable)
                  20013058    00000018     driverlib.a : interrupt.obj (.const:g_pulEnRegs)
                  20013070    00000018                 : interrupt.obj (.const:g_pulPendRegs)
                  20013088    00000018     gpiointerrupt.obj (.const:sensors)
                  200130a0    00000014     ti_drivers_config.obj (.const:GPIOCC32XX_config)
                  200130b4    00000014     drivers_cc32xx.a : GPIOCC32XX.oem4 (.const:gpioBaseAddresses)
                  200130c8    00000014     ti_drivers_config.obj (.const:i2cCC32XXHWAttrs)
                  200130dc    00000014     drivers_cc32xx.a : UARTCC32XX.oem4 (.const:parityType)
                  200130f0    00000014                      : GPIOCC32XX.oem4 (.const:powerResources)
                  20013104    00000010                      : I2C.oem4 (.const:I2C_defaultParams)
                  20013114    00000010                      : I2CCC32XX.oem4 (.const:I2C_defaultParams)
                  20013124    00000010                      : UARTCC32XX.oem4 (.const:dataLength)
                  20013134    00000010     ti_drivers_config.obj (.const:timerCC32XXHWAttrs)
                  20013144    0000000c     gpiointerrupt.obj (.const:.string)
                  20013150    0000000c     ti_drivers_config.obj (.const:Timer_config)
                  2001315c    0000000c     ti_drivers_config.obj (.const:UART_config)
                  20013168    0000000c     drivers_cc32xx.a : Timer.oem4 (.const:defaultParams)
                  20013174    00000009     ti_drivers_config.obj (.const)
                  2001317d    00000003     --HOLE-- [fill = 0]
                  20013180    00000008     ti_drivers_config.obj (.const:I2C_config)
                  20013188    00000008     drivers_cc32xx.a : GPIOCC32XX.oem4 (.const:outPinTypes)
                  20013190    00000008                      : UARTCC32XX.oem4 (.const:stopBits)
                  20013198    00000006                      : GPIOCC32XX.oem4 (.const:.string:interruptType)
                  2001319e    00000006                      : GPIOCC32XX.oem4 (.const:inPinTypes)
                  200131a4    00000006                      : GPIOCC32XX.oem4 (.const:outPinStrengths)
                  200131aa    00000004                      : GPIOCC32XX.oem4 (.const:.string:portInterruptIds)

.cinit     0    20013588    000000f8     
                  20013588    000000d3     (.cinit..data.load) [load image, compression = lzss]
                  2001365b    00000001     --HOLE-- [fill = 0]
                  2001365c    0000000c     (__TI_handler_table)
                  20013668    00000008     (.cinit..bss.load) [load image, compression = zero_init]
                  20013670    00000010     (__TI_cinit_table)

.init_array 
*          0    20004000    00000000     UNINITIALIZED

.ramVecs   0    20000000    0000030c     NOLOAD SECTION
                  20000000    0000030c     nortos_cc32xx.a : startup_cc32xx_ccs.oem4 (.ramVecs)

.stack     0    20003000    00001000     UNINITIALIZED
                  20003000    00000004     rtsv7M4_T_le_eabi.lib : boot_cortex_m.c.obj (.stack)
                  20003004    00000ffc     --HOLE--

.resetVecs 
*          0    20004000    00000040     
                  20004000    00000040     nortos_cc32xx.a : startup_cc32xx_ccs.oem4 (.resetVecs:retain)

.sysmem    0    20004040    00008000     UNINITIALIZED
                  20004040    00000010     rtsv7M4_T_le_eabi.lib : memory.c.obj (.sysmem)
                  20004050    00007ff0     --HOLE--

.data      0    20012698    000005cc     UNINITIALIZED
                  20012698    0000030c     nortos_cc32xx.a : HwiPCC32XX_nortos.oem4 (.data:HwiP_dispatchTable)
                  200129a4    0000016c     drivers_cc32xx.a : PowerCC32XX.oem4 (.data:PowerCC32XX_module)
                  20012b10    000000f8     ti_drivers_config.obj (.data:parkInfo)
                  20012c08    0000000c     ti_drivers_config.obj (.data:gpioCallbackFunctions)
                  20012c14    0000000c     ti_drivers_config.obj (.data:gpioPinConfigs)
                  20012c20    0000000c     gpiointerrupt.obj (.data)
                  20012c2c    00000009     drivers_cc32xx.a : GPIOCC32XX.oem4 (.data)
                  20012c35    00000003     nortos_cc32xx.a : SemaphoreP_nortos.oem4 (.data)
                  20012c38    00000008     rtsv7M4_T_le_eabi.lib : _lock.c.obj (.data:$O1$$)
                  20012c40    00000008                           : memory.c.obj (.data:$O1$$)
                  20012c48    00000008     nortos_cc32xx.a : SemaphoreP_nortos.oem4 (.data:SemaphoreP_defaultParams)
                  20012c50    00000008                     : HwiPCC32XX_nortos.oem4 (.data)
                  20012c58    00000005                     : ClockPSysTick_nortos.oem4 (.data)
                  20012c5d    00000001     drivers_cc32xx.a : Timer.oem4 (.data)
                  20012c5e    00000001                      : UART.oem4 (.data)
                  20012c5f    00000001     --HOLE--
                  20012c60    00000004     rtsv7M4_T_le_eabi.lib : errno.c.obj (.data)

.bss       0    200131b0    000003d4     UNINITIALIZED
                  200131b0    0000012c     (.common:PowerCC32XX_contextSave)
                  200132dc    000000fc     (.common:i2cCC32XXObjects)
                  200133d8    00000084     (.common:uartCC32XXObjects0)
                  2001345c    00000040     (.common:output)
                  2001349c    00000034     (.common:timerCC32XXObjects)
                  200134d0    00000020     drivers_cc32xx.a : GPIOCC32XX.oem4 (.bss:gpioCallbackInfo)
                  200134f0    00000020     ti_drivers_config.obj (.bss:uartCC32XXRingBuffer0)
                  20013510    00000020     (.common:i2cTransaction)
                  20013530    00000014     drivers_cc32xx.a : GPIOCC32XX.oem4 (.bss:powerNotifyObj)
                  20013544    00000004                      : GPIOCC32XX.oem4 (.bss)
                  20013548    00000010     (.common:ClockP_ctrl)
                  20013558    0000000d     nortos_cc32xx.a : SwiP_nortos.oem4 (.bss)
                  20013565    00000001     (.common:Button_State)
                  20013566    00000002     --HOLE--
                  20013568    00000004                     : ClockPSysTick_nortos.oem4 (.bss)
                  2001356c    00000004     drivers_cc32xx.a : TimerCC32XX.oem4 (.bss:timerState)
                  20013570    00000004     (.common:i2c)
                  20013574    00000004     (.common:rxBuffer)
                  20013578    00000004     (.common:timer0)
                  2001357c    00000004     (.common:txBuffer)
                  20013580    00000004     (.common:uart)

.log_data 
*          0    90000000    00000000     COPY SECTION

__llvm_prf_cnts 
*          0    20004000    00000000     UNINITIALIZED

MODULE SUMMARY

       Module                       code    ro data   rw data
       ------                       ----    -------   -------
    .\
       gpiointerrupt.obj            1680    84        129    
       main_nortos.obj              18      0         0      
    +--+----------------------------+-------+---------+---------+
       Total:                       1698    84        129    
                                                             
    .\syscfg\
       ti_drivers_config.obj        18      201       740    
    +--+----------------------------+-------+---------+---------+
       Total:                       18      201       740    
                                                             
    C:/ti/simplelink_cc32xx_sdk_4_30_00_06/kernel/nortos/lib/ccs/m4/nortos_cc32xx.a
       HwiPCC32XX_nortos.oem4       394     0         788    
       startup_cc32xx_ccs.oem4      90      64        780    
       ClockPSysTick_nortos.oem4    702     0         25     
       PowerCC32XX_nortos.oem4      472     0         0      
       SemaphoreP_nortos.oem4       408     0         11     
       SwiP_nortos.oem4             96      0         13     
    +--+----------------------------+-------+---------+---------+
       Total:                       2162    64        1617   
                                                             
    C:/ti/simplelink_cc32xx_sdk_4_30_00_06/source/ti/devices/cc32xx/driverlib/ccs/Release/driverlib.a
       prcm.obj                     1604    168       0      
       pin.obj                      280     256       0      
       interrupt.obj                334     48        0      
       i2c.obj                      318     0         0      
       timer.obj                    264     0         0      
       flash.obj                    72      0         0      
       uart.obj                     48      0         0      
       cpu.obj                      20      0         0      
       utils.obj                    6       0         0      
    +--+----------------------------+-------+---------+---------+
       Total:                       2946    472       0      
                                                             
    C:/ti/simplelink_cc32xx_sdk_4_30_00_06/source/ti/drivers/lib/ccs/m4/drivers_cc32xx.a
       UARTCC32XX.oem4              3466    116       0      
       PowerCC32XX.oem4             2432    0         664    
       I2CCC32XX.oem4               1452    16        0      
       GPIOCC32XX.oem4              1208    103       65     
       TimerCC32XX.oem4             1132    32        4      
       I2C.oem4                     366     16        0      
       UART.oem4                    166     36        1      
       RingBuf.oem4                 198     0         0      
       Timer.oem4                   158     12        1      
       PowerCC32XX_asm.oem4         150     0         0      
       List.oem4                    76      0         0      
    +--+----------------------------+-------+---------+---------+
       Total:                       10804   331       735    
                                                             
    C:\ti\ccs1250\ccs\tools\compiler\ti-cgt-arm_20.2.7.LTS\lib\rtsv7M4_T_le_eabi.lib
       _printfi.c.obj               4835    0         0      
       memory.c.obj                 672     0         8      
       fd_add_t2.asm.obj            438     0         0      
       fd_div_t2.asm.obj            310     0         0      
       fd_cmp_t2.asm.obj            268     0         0      
       ctype.c.obj                  0       257       0      
       fd_mul_t2.asm.obj            252     0         0      
       s_scalbn.c.obj               208     0         0      
       memcpy_t2.asm.obj            156     0         0      
       ull_div_t2.asm.obj           150     0         0      
       snprintf.c.obj               148     0         0      
       fs_mul_t2.asm.obj            122     0         0      
       memset_t2.asm.obj            122     0         0      
       copy_decompress_lzss.c.obj   104     0         0      
       s_frexp.c.obj                92      0         0      
       _ltoa.c.obj                  84      0         0      
       atoi.c.obj                   76      0         0      
       fd_toi_t2.asm.obj            72      0         0      
       autoinit.c.obj               68      0         0      
       fs_toi_t2.asm.obj            56      0         0      
       i_tofs_t2.asm.obj            56      0         0      
       i_tofd_t2.asm.obj            46      0         0      
       boot_cortex_m.c.obj          36      0         0      
       copy_zero_init.c.obj         28      0         0      
       memccpy.c.obj                28      0         0      
       ll_mul_t2.asm.obj            24      0         0      
       strchr.c.obj                 22      0         0      
       strlen.c.obj                 20      0         0      
       wcslen.c.obj                 18      0         0      
       copy_decompress_none.c.obj   14      0         0      
       errno.c.obj                  8       0         4      
       s_copysign.c.obj             12      0         0      
       _lock.c.obj                  2       0         8      
       exit.c.obj                   4       0         0      
       pre_init.c.obj               4       0         0      
       div0.asm.obj                 2       0         0      
    +--+----------------------------+-------+---------+---------+
       Total:                       8557    257       20     
                                                             
       Heap:                        0       0         32768  
       Stack:                       0       0         4096   
       Linker Generated:            0       247       0      
    +--+----------------------------+-------+---------+---------+
       Grand Total:                 26185   1656      40105  


LINKER GENERATED COPY TABLES

__TI_cinit_table @ 20013670 records: 2, size/record: 8, table size: 16
	.data: load addr=20013588, load size=000000d3 bytes, run addr=20012698, run size=000005cc bytes, compression=lzss
	.bss: load addr=20013668, load size=00000008 bytes, run addr=200131b0, run size=000003d4 bytes, compression=zero_init


LINKER GENERATED HANDLER TABLE

__TI_handler_table @ 2001365c records: 3, size/record: 4, table size: 12
	index: 0, handler: __TI_decompress_lzss
	index: 1, handler: __TI_decompress_none
	index: 2, handler: __TI_zero_init


GLOBAL SYMBOLS: SORTED ALPHABETICALLY BY Name 

address   name                             
-------   ----                             
20012485  Board_init                       
2000ca8f  Board_initHook                   
20013565  Button_State                     
20012695  C$$EXIT                          
20013174  CONFIG_GPIO_BUTTON_0_CONST       
20013175  CONFIG_GPIO_BUTTON_1_CONST       
20013176  CONFIG_GPIO_LED_0_CONST          
20013177  CONFIG_I2C_0_CONST               
20013179  CONFIG_TIMER_0_CONST             
2001317b  CONFIG_UART_0_CONST              
20012363  CPUcpsid                         
20012611  ClockP_Params_init               
20012495  ClockP_add                       
2001163d  ClockP_construct                 
200120f5  ClockP_create                    
20013548  ClockP_ctrl                      
200124a5  ClockP_delete                    
200117fd  ClockP_destruct                  
20010f2d  ClockP_doTick                    
200124b5  ClockP_getCpuFreq                
200124c5  ClockP_getSystemTicks            
20011add  ClockP_getTicksUntilInterrupt    
2001261b  ClockP_isActive                  
200124d5  ClockP_setTicks                  
20012685  ClockP_setTimeout                
20011c15  ClockP_start                     
20011b11  ClockP_startup                   
200113d9  ClockP_stop                      
20010f2d  ClockP_sysTickHandler            
20012c58  ClockP_tickPeriod                
200111e5  FlashDisable                     
200130a0  GPIOCC32XX_config                
2001101d  GPIO_enableInt                   
20010499  GPIO_hwiIntFxn                   
2000ef55  GPIO_init                        
20010a15  GPIO_setCallback                 
2000d5fd  GPIO_setConfig                   
20010b85  GPIO_write                       
20012419  HwiP_Params_init                 
20012565  HwiP_clearInterrupt              
2000fdf5  HwiP_construct                   
20011d01  HwiP_create                      
200124e5  HwiP_delete                      
20011f6f  HwiP_destruct                    
20012573  HwiP_disable                     
20012581  HwiP_disableInterrupt            
20011ee1  HwiP_dispatch                    
2001258f  HwiP_enable                      
2001259d  HwiP_enableInterrupt             
20012379  HwiP_inISR                       
20012c50  HwiP_key                         
20012689  HwiP_post                        
200124f5  HwiP_restore                     
20012c54  HwiP_swiPIntNum                  
20011e49  I2CFIFODataGetNonBlocking        
20011d7f  I2CFIFODataPutNonBlocking        
20012505  I2CFIFOStatus                    
200122f5  I2CMasterBurstLengthSet          
20012143  I2CMasterBusBusy                 
2001242b  I2CMasterIntClearEx              
2001215b  I2CMasterIntDisableEx            
20012173  I2CMasterIntEnableEx             
20011ff1  I2CMasterIntStatusEx             
20011f4d  I2CMasterSlaveAddrSet            
2001218b  I2CRxFIFOFlush                   
2001238d  I2CSupport_masterFinish          
2001266d  I2CSupport_powerRelConstraint    
20012673  I2CSupport_powerSetConstraint    
20010753  I2CSupport_primeTransfer         
200121a3  I2CTxFIFOFlush                   
20012515  I2C_Params_init                  
20011e6f  I2C_cancel                       
20013180  I2C_config                       
20013178  I2C_count                        
20013104  I2C_defaultParams                
2000db63  I2C_init                         
2000e9e9  I2C_open                         
200123a1  I2C_transfer                     
2000e465  I2C_transferTimeout              
UNDEFED   ITM_flush                        
UNDEFED   ITM_restore                      
2000f729  IntEnable                        
20012625  IntMasterDisable                 
2000fe81  IntPendSet                       
200123b5  IntVTableBaseSet                 
20011e95  List_put                         
20011ebb  List_remove                      
2001258f  NoRTOS_start                     
2000ca91  PRCMCC3200MCUInit                
2001230b  PRCMHIBRegRead                   
20012321  PRCMHIBRegWrite                  
2001122d  PRCMLPDSEnter                    
200118e9  PRCMLPDSEnterKeepDebugIf         
2001141d  PRCMLPDSRestoreInfoSet           
20011da9  PRCMPeripheralClkDisable         
20011275  PRCMPeripheralClkEnable          
20010bdd  PRCMPeripheralReset              
20010955  PRCMSysResetCauseGet             
2000ff09  PinConfigSet                     
20011b45  PinModeGet                       
2001167d  PinModeSet                       
20012069  PinToPadGet                      
20012f10  PowerCC32XX_config               
2000f7d1  PowerCC32XX_configureWakeup      
200131b0  PowerCC32XX_contextSave          
20011461  PowerCC32XX_enterLPDS            
20011cd5  PowerCC32XX_getParkState         
2000e33b  PowerCC32XX_initPolicy           
200129a4  PowerCC32XX_module               
200110b5  PowerCC32XX_parkPin              
20011f05  PowerCC32XX_reset                
20011b79  PowerCC32XX_restoreParkState     
20011c45  PowerCC32XX_restoreParkedPin     
20010e35  PowerCC32XX_resumeLPDS           
2001088d  PowerCC32XX_setParkState         
2000db65  PowerCC32XX_sleepPolicy          
200123c9  Power_disablePolicy              
20012525  Power_enablePolicy               
200125e1  Power_getConstraintMask          
200123dd  Power_getDependencyCount         
200121bd  Power_getTransitionLatency       
200121d5  Power_idleFunc                   
20010125  Power_init                       
20011dd1  Power_registerNotify             
200112bd  Power_releaseConstraint          
20010c35  Power_releaseDependency          
20011839  Power_setConstraint              
2001022d  Power_setDependency              
2000e0cd  Power_sleep                      
20011f91  Power_unregisterNotify           
2001243d  RingBuf_construct                
200116bd  RingBuf_get                      
200125b9  RingBuf_isFull                   
20011fb1  RingBuf_peek                     
2001134d  RingBuf_put                      
20012535  SemaphoreP_Params_init           
20010f7d  SemaphoreP_construct             
2001200f  SemaphoreP_constructBinary       
20012337  SemaphoreP_create                
2001210f  SemaphoreP_createBinary          
20012c48  SemaphoreP_defaultParams         
2001268d  SemaphoreP_delete                
2000f9bd  SemaphoreP_pend                  
200114a5  SemaphoreP_post                  
20012085  SwiP_disable                     
200114e9  SwiP_restore                     
20010fcd  TimerCC32XX_allocateTimerResource
20011875  TimerCC32XX_close                
20012679  TimerCC32XX_control              
20011bad  TimerCC32XX_freeTimerResource    
20013018  TimerCC32XX_fxnTable             
200121ed  TimerCC32XX_getCount             
2000e587  TimerCC32XX_init                 
2000e33d  TimerCC32XX_open                 
2000ff91  TimerCC32XX_setPeriod            
20010511  TimerCC32XX_start                
20010c8d  TimerCC32XX_stop                 
20011a71  TimerControlStall                
2001202d  TimerDisable                     
2001204b  TimerEnable                      
20012c20  TimerFlag                        
2001244f  TimerIntClear                    
20012205  TimerIntDisable                  
2001221d  TimerIntEnable                   
20011d2b  TimerLoadSet                     
20011d55  TimerPrescaleSet                 
20012545  Timer_Params_init                
20013150  Timer_config                     
2001317a  Timer_count                      
2001152d  Timer_init                       
200116fd  Timer_open                       
2001262f  Timer_start                      
20012235  UARTBusy                         
2000e589  UARTCC32XX_close                 
2000ebe1  UARTCC32XX_control               
20012f84  UARTCC32XX_fxnTable              
2000ecd3  UARTCC32XX_init                  
2000cebd  UARTCC32XX_open                  
2001173d  UARTCC32XX_read                  
20011aa7  UARTCC32XX_readCancel            
2000f195  UARTCC32XX_readPolling           
2000ee89  UARTCC32XX_write                 
20010825  UARTCC32XX_writeCancel           
200108f1  UARTCC32XX_writePolling          
2001224d  UARTIntEnable                    
20012265  UART_Params_init                 
2001315c  UART_config                      
2001317c  UART_count                       
20012fac  UART_defaultParams               
20011571  UART_init                        
2001177d  UART_open                        
20012639  UART_write                       
2001267f  UtilsDelay                       
20004000  __STACK_END                      
00001000  __STACK_SIZE                     
00008000  __SYSMEM_SIZE                    
20013670  __TI_CINIT_Base                  
20013680  __TI_CINIT_Limit                 
2001365c  __TI_Handler_Table_Base          
20013668  __TI_Handler_Table_Limit         
200115b5  __TI_auto_init_nobinit_nopinit   
200107bd  __TI_decompress_lzss             
200125c7  __TI_decompress_none             
20010d39  __TI_ltoa                        
ffffffff  __TI_pprof_out_hndl              
2000c041  __TI_printfi                     
ffffffff  __TI_prof_data_size              
ffffffff  __TI_prof_data_start             
20013588  __TI_static_base__               
200120a1  __TI_zero_init_nomemset          
20010019  __aeabi_cdcmpeq                  
20010019  __aeabi_cdcmple                  
2001009f  __aeabi_cdrcmple                 
20011305  __aeabi_d2iz                     
2000d9b7  __aeabi_dadd                     
2000e205  __aeabi_ddiv                     
2000eae5  __aeabi_dmul                     
2000d9ad  __aeabi_dsub                     
2001264d  __aeabi_errno_addr               
20011a01  __aeabi_f2iz                     
200103a3  __aeabi_fmul                     
20011ca5  __aeabi_i2d                      
20011a39  __aeabi_i2f                      
20010f2b  __aeabi_idiv0                    
20010f2b  __aeabi_ldiv0                    
200122c5  __aeabi_lmul                     
2001041d  __aeabi_memclr                   
2001041d  __aeabi_memclr4                  
2001041d  __aeabi_memclr8                  
2000fb99  __aeabi_memcpy                   
2000fb99  __aeabi_memcpy4                  
2000fb99  __aeabi_memcpy8                  
2001041f  __aeabi_memset                   
2001041f  __aeabi_memset4                  
2001041f  __aeabi_memset8                  
2000fccd  __aeabi_uldivmod                 
ffffffff  __binit__                        
ffffffff  __c_args__                       
UNDEFED   __mpu_init                       
20003000  __stack                          
20004000  __start___llvm_prf_cnts          
20004000  __stop___llvm_prf_cnts           
20011f29  _c_int00_noargs                  
20012c64  _ctypes_                         
20012c38  _lock                            
2000ef53  _nop                             
20004040  _sys_memory                      
UNDEFED   _system_post_cinit               
20012691  _system_pre_init                 
20012c3c  _unlock                          
20012695  abort                            
200109b5  adjustSetPointTemperature        
2000e8e9  aligned_alloc                    
20012c22  ambientTemperature               
20011101  atoi                             
ffffffff  binit                            
2000fd63  clkFxn                           
200125ed  copysign                         
200125ed  copysignl                        
20012c60  errno                            
2000ecd5  free                             
20010a71  frexp                            
20010a71  frexpl                           
20011e21  getAmbientTemperature            
20012c08  gpioCallbackFunctions            
20012295  gpioDecreaseTemperatureCallback  
200122ad  gpioIncreaseTemperatureCallback  
20012c14  gpioPinConfigs                   
20013570  i2c                              
200130c8  i2cCC32XXHWAttrs                 
200132dc  i2cCC32XXObjects                 
20013510  i2cTransaction                   
2001319e  inPinTypes                       
20010acd  initGPIO                         
2000d3ad  initI2C                          
20010d8d  initTimer                        
200115f9  initUART                         
20011991  initVectors                      
2000edb9  ldexp                            
2000edb9  ldexpl                           
20012461  main                             
2000f0d9  mainThread                       
20012655  malloc                           
2000e8e9  memalign                         
200120d9  memccpy                          
2000fb99  memcpy                           
20010425  memset                           
200131a4  outPinStrengths                  
20013188  outPinTypes                      
2001345c  output                           
20012b10  parkInfo                         
2000e7c9  readTemp                         
20012129  resetISR                         
2001213c  resetVectorAddr                  
20004000  resetVectors                     
20013574  rxBuffer                         
2000edb9  scalbn                           
2000edb9  scalbnl                          
20012c28  seconds                          
2000fa5d  setHeatMode                      
20012c24  setPoint                         
20011199  snprintf                         
2001234d  strchr                           
20012405  strlen                           
20013578  timer0                           
20013134  timerCC32XXHWAttrs               
2001349c  timerCC32XXObjects               
200122dd  timerCallback                    
2001357c  txBuffer                         
20013580  uart                             
200133d8  uartCC32XXObjects0               
20012473  wcslen                           


GLOBAL SYMBOLS: SORTED BY Symbol Address 

address   name                             
-------   ----                             
00001000  __STACK_SIZE                     
00008000  __SYSMEM_SIZE                    
20003000  __stack                          
20004000  __STACK_END                      
20004000  __start___llvm_prf_cnts          
20004000  __stop___llvm_prf_cnts           
20004000  resetVectors                     
20004040  _sys_memory                      
2000c041  __TI_printfi                     
2000ca8f  Board_initHook                   
2000ca91  PRCMCC3200MCUInit                
2000cebd  UARTCC32XX_open                  
2000d3ad  initI2C                          
2000d5fd  GPIO_setConfig                   
2000d9ad  __aeabi_dsub                     
2000d9b7  __aeabi_dadd                     
2000db63  I2C_init                         
2000db65  PowerCC32XX_sleepPolicy          
2000e0cd  Power_sleep                      
2000e205  __aeabi_ddiv                     
2000e33b  PowerCC32XX_initPolicy           
2000e33d  TimerCC32XX_open                 
2000e465  I2C_transferTimeout              
2000e587  TimerCC32XX_init                 
2000e589  UARTCC32XX_close                 
2000e7c9  readTemp                         
2000e8e9  aligned_alloc                    
2000e8e9  memalign                         
2000e9e9  I2C_open                         
2000eae5  __aeabi_dmul                     
2000ebe1  UARTCC32XX_control               
2000ecd3  UARTCC32XX_init                  
2000ecd5  free                             
2000edb9  ldexp                            
2000edb9  ldexpl                           
2000edb9  scalbn                           
2000edb9  scalbnl                          
2000ee89  UARTCC32XX_write                 
2000ef53  _nop                             
2000ef55  GPIO_init                        
2000f0d9  mainThread                       
2000f195  UARTCC32XX_readPolling           
2000f729  IntEnable                        
2000f7d1  PowerCC32XX_configureWakeup      
2000f9bd  SemaphoreP_pend                  
2000fa5d  setHeatMode                      
2000fb99  __aeabi_memcpy                   
2000fb99  __aeabi_memcpy4                  
2000fb99  __aeabi_memcpy8                  
2000fb99  memcpy                           
2000fccd  __aeabi_uldivmod                 
2000fd63  clkFxn                           
2000fdf5  HwiP_construct                   
2000fe81  IntPendSet                       
2000ff09  PinConfigSet                     
2000ff91  TimerCC32XX_setPeriod            
20010019  __aeabi_cdcmpeq                  
20010019  __aeabi_cdcmple                  
2001009f  __aeabi_cdrcmple                 
20010125  Power_init                       
2001022d  Power_setDependency              
200103a3  __aeabi_fmul                     
2001041d  __aeabi_memclr                   
2001041d  __aeabi_memclr4                  
2001041d  __aeabi_memclr8                  
2001041f  __aeabi_memset                   
2001041f  __aeabi_memset4                  
2001041f  __aeabi_memset8                  
20010425  memset                           
20010499  GPIO_hwiIntFxn                   
20010511  TimerCC32XX_start                
20010753  I2CSupport_primeTransfer         
200107bd  __TI_decompress_lzss             
20010825  UARTCC32XX_writeCancel           
2001088d  PowerCC32XX_setParkState         
200108f1  UARTCC32XX_writePolling          
20010955  PRCMSysResetCauseGet             
200109b5  adjustSetPointTemperature        
20010a15  GPIO_setCallback                 
20010a71  frexp                            
20010a71  frexpl                           
20010acd  initGPIO                         
20010b85  GPIO_write                       
20010bdd  PRCMPeripheralReset              
20010c35  Power_releaseDependency          
20010c8d  TimerCC32XX_stop                 
20010d39  __TI_ltoa                        
20010d8d  initTimer                        
20010e35  PowerCC32XX_resumeLPDS           
20010f2b  __aeabi_idiv0                    
20010f2b  __aeabi_ldiv0                    
20010f2d  ClockP_doTick                    
20010f2d  ClockP_sysTickHandler            
20010f7d  SemaphoreP_construct             
20010fcd  TimerCC32XX_allocateTimerResource
2001101d  GPIO_enableInt                   
200110b5  PowerCC32XX_parkPin              
20011101  atoi                             
20011199  snprintf                         
200111e5  FlashDisable                     
2001122d  PRCMLPDSEnter                    
20011275  PRCMPeripheralClkEnable          
200112bd  Power_releaseConstraint          
20011305  __aeabi_d2iz                     
2001134d  RingBuf_put                      
200113d9  ClockP_stop                      
2001141d  PRCMLPDSRestoreInfoSet           
20011461  PowerCC32XX_enterLPDS            
200114a5  SemaphoreP_post                  
200114e9  SwiP_restore                     
2001152d  Timer_init                       
20011571  UART_init                        
200115b5  __TI_auto_init_nobinit_nopinit   
200115f9  initUART                         
2001163d  ClockP_construct                 
2001167d  PinModeSet                       
200116bd  RingBuf_get                      
200116fd  Timer_open                       
2001173d  UARTCC32XX_read                  
2001177d  UART_open                        
200117fd  ClockP_destruct                  
20011839  Power_setConstraint              
20011875  TimerCC32XX_close                
200118e9  PRCMLPDSEnterKeepDebugIf         
20011991  initVectors                      
20011a01  __aeabi_f2iz                     
20011a39  __aeabi_i2f                      
20011a71  TimerControlStall                
20011aa7  UARTCC32XX_readCancel            
20011add  ClockP_getTicksUntilInterrupt    
20011b11  ClockP_startup                   
20011b45  PinModeGet                       
20011b79  PowerCC32XX_restoreParkState     
20011bad  TimerCC32XX_freeTimerResource    
20011c15  ClockP_start                     
20011c45  PowerCC32XX_restoreParkedPin     
20011ca5  __aeabi_i2d                      
20011cd5  PowerCC32XX_getParkState         
20011d01  HwiP_create                      
20011d2b  TimerLoadSet                     
20011d55  TimerPrescaleSet                 
20011d7f  I2CFIFODataPutNonBlocking        
20011da9  PRCMPeripheralClkDisable         
20011dd1  Power_registerNotify             
20011e21  getAmbientTemperature            
20011e49  I2CFIFODataGetNonBlocking        
20011e6f  I2C_cancel                       
20011e95  List_put                         
20011ebb  List_remove                      
20011ee1  HwiP_dispatch                    
20011f05  PowerCC32XX_reset                
20011f29  _c_int00_noargs                  
20011f4d  I2CMasterSlaveAddrSet            
20011f6f  HwiP_destruct                    
20011f91  Power_unregisterNotify           
20011fb1  RingBuf_peek                     
20011ff1  I2CMasterIntStatusEx             
2001200f  SemaphoreP_constructBinary       
2001202d  TimerDisable                     
2001204b  TimerEnable                      
20012069  PinToPadGet                      
20012085  SwiP_disable                     
200120a1  __TI_zero_init_nomemset          
200120d9  memccpy                          
200120f5  ClockP_create                    
2001210f  SemaphoreP_createBinary          
20012129  resetISR                         
2001213c  resetVectorAddr                  
20012143  I2CMasterBusBusy                 
2001215b  I2CMasterIntDisableEx            
20012173  I2CMasterIntEnableEx             
2001218b  I2CRxFIFOFlush                   
200121a3  I2CTxFIFOFlush                   
200121bd  Power_getTransitionLatency       
200121d5  Power_idleFunc                   
200121ed  TimerCC32XX_getCount             
20012205  TimerIntDisable                  
2001221d  TimerIntEnable                   
20012235  UARTBusy                         
2001224d  UARTIntEnable                    
20012265  UART_Params_init                 
20012295  gpioDecreaseTemperatureCallback  
200122ad  gpioIncreaseTemperatureCallback  
200122c5  __aeabi_lmul                     
200122dd  timerCallback                    
200122f5  I2CMasterBurstLengthSet          
2001230b  PRCMHIBRegRead                   
20012321  PRCMHIBRegWrite                  
20012337  SemaphoreP_create                
2001234d  strchr                           
20012363  CPUcpsid                         
20012379  HwiP_inISR                       
2001238d  I2CSupport_masterFinish          
200123a1  I2C_transfer                     
200123b5  IntVTableBaseSet                 
200123c9  Power_disablePolicy              
200123dd  Power_getDependencyCount         
20012405  strlen                           
20012419  HwiP_Params_init                 
2001242b  I2CMasterIntClearEx              
2001243d  RingBuf_construct                
2001244f  TimerIntClear                    
20012461  main                             
20012473  wcslen                           
20012485  Board_init                       
20012495  ClockP_add                       
200124a5  ClockP_delete                    
200124b5  ClockP_getCpuFreq                
200124c5  ClockP_getSystemTicks            
200124d5  ClockP_setTicks                  
200124e5  HwiP_delete                      
200124f5  HwiP_restore                     
20012505  I2CFIFOStatus                    
20012515  I2C_Params_init                  
20012525  Power_enablePolicy               
20012535  SemaphoreP_Params_init           
20012545  Timer_Params_init                
20012565  HwiP_clearInterrupt              
20012573  HwiP_disable                     
20012581  HwiP_disableInterrupt            
2001258f  HwiP_enable                      
2001258f  NoRTOS_start                     
2001259d  HwiP_enableInterrupt             
200125b9  RingBuf_isFull                   
200125c7  __TI_decompress_none             
200125e1  Power_getConstraintMask          
200125ed  copysign                         
200125ed  copysignl                        
20012611  ClockP_Params_init               
2001261b  ClockP_isActive                  
20012625  IntMasterDisable                 
2001262f  Timer_start                      
20012639  UART_write                       
2001264d  __aeabi_errno_addr               
20012655  malloc                           
2001266d  I2CSupport_powerRelConstraint    
20012673  I2CSupport_powerSetConstraint    
20012679  TimerCC32XX_control              
2001267f  UtilsDelay                       
20012685  ClockP_setTimeout                
20012689  HwiP_post                        
2001268d  SemaphoreP_delete                
20012691  _system_pre_init                 
20012695  C$$EXIT                          
20012695  abort                            
200129a4  PowerCC32XX_module               
20012b10  parkInfo                         
20012c08  gpioCallbackFunctions            
20012c14  gpioPinConfigs                   
20012c20  TimerFlag                        
20012c22  ambientTemperature               
20012c24  setPoint                         
20012c28  seconds                          
20012c38  _lock                            
20012c3c  _unlock                          
20012c48  SemaphoreP_defaultParams         
20012c50  HwiP_key                         
20012c54  HwiP_swiPIntNum                  
20012c58  ClockP_tickPeriod                
20012c60  errno                            
20012c64  _ctypes_                         
20012f10  PowerCC32XX_config               
20012f84  UARTCC32XX_fxnTable              
20012fac  UART_defaultParams               
20013018  TimerCC32XX_fxnTable             
200130a0  GPIOCC32XX_config                
200130c8  i2cCC32XXHWAttrs                 
20013104  I2C_defaultParams                
20013134  timerCC32XXHWAttrs               
20013150  Timer_config                     
2001315c  UART_config                      
20013174  CONFIG_GPIO_BUTTON_0_CONST       
20013175  CONFIG_GPIO_BUTTON_1_CONST       
20013176  CONFIG_GPIO_LED_0_CONST          
20013177  CONFIG_I2C_0_CONST               
20013178  I2C_count                        
20013179  CONFIG_TIMER_0_CONST             
2001317a  Timer_count                      
2001317b  CONFIG_UART_0_CONST              
2001317c  UART_count                       
20013180  I2C_config                       
20013188  outPinTypes                      
2001319e  inPinTypes                       
200131a4  outPinStrengths                  
200131b0  PowerCC32XX_contextSave          
200132dc  i2cCC32XXObjects                 
200133d8  uartCC32XXObjects0               
2001345c  output                           
2001349c  timerCC32XXObjects               
20013510  i2cTransaction                   
20013548  ClockP_ctrl                      
20013565  Button_State                     
20013570  i2c                              
20013574  rxBuffer                         
20013578  timer0                           
2001357c  txBuffer                         
20013580  uart                             
20013588  __TI_static_base__               
2001365c  __TI_Handler_Table_Base          
20013668  __TI_Handler_Table_Limit         
20013670  __TI_CINIT_Base                  
20013680  __TI_CINIT_Limit                 
ffffffff  __TI_pprof_out_hndl              
ffffffff  __TI_prof_data_size              
ffffffff  __TI_prof_data_start             
ffffffff  __binit__                        
ffffffff  __c_args__                       
ffffffff  binit                            
UNDEFED   ITM_flush                        
UNDEFED   ITM_restore                      
UNDEFED   __mpu_init                       
UNDEFED   _system_post_cinit               

[312 symbols]
